<html>
<body>
<pre>
<h1>µVision Build Log</h1>
<h2>Tool Versions:</h2>
IDE-Version: ¦ÌVision V5.39.0.0
Copyright (C) 2023 ARM Ltd and ARM Germany GmbH. All rights reserved.
License Information: wen 1964310198@QQ.COM, zhen, LIC=WHYH9-48YRL-747S0-BTBLN-CZLPX-R9WUI
 
Tool Versions:
Toolchain:       MDK-ARM Plus  Version: 5.39.0.0
Toolchain Path:  D:\softs\mdk\ARM\ARMCLANG\Bin
C Compiler:      ArmClang.exe V6.21
Assembler:       Armasm.exe V6.21
Linker/Locator:  ArmLink.exe V6.21
Library Manager: ArmAr.exe V6.21
Hex Converter:   FromElf.exe V6.21
CPU DLL:         SARMCM3.DLL V5.39.0.0
Dialog DLL:      DCM.DLL V1.17.5.0
Target DLL:      CMSIS_AGDI.dll V1.33.16.0
Dialog DLL:      TCM.DLL V1.56.4.0
 
<h2>Project:</h2>
D:\TEMP\TinyFOC_git\TinyFOC-HAL\Software\TinyFoc\MDK-ARM\TinyFoc.uvprojx
Project File Date:  09/27/2025

<h2>Output:</h2>
*** Using Compiler 'V6.21', folder: 'D:\softs\mdk\ARM\ARMCLANG\Bin'
Rebuild target 'TinyFoc'
compiling stm32f4xx_hal_dma_ex.c...
compiling dma.c...
compiling stm32f4xx_hal_msp.c...
compiling stm32f4xx_hal_rcc_ex.c...
compiling stm32f4xx_it.c...
compiling usart.c...
compiling stm32f4xx_hal_pwr.c...
assembling startup_stm32f411xe.s...
compiling stm32f4xx_hal_flash_ex.c...
compiling tim.c...
compiling stm32f4xx_hal_pwr_ex.c...
compiling i2c.c...
compiling stm32f4xx_ll_adc.c...
compiling stm32f4xx_hal_flash_ramfunc.c...
compiling gpio.c...
compiling stm32f4xx_hal_gpio.c...
compiling stm32f4xx_hal_flash.c...
compiling stm32f4xx_hal_exti.c...
compiling main.c...
compiling stm32f4xx_hal_adc.c...
compiling stm32f4xx_hal.c...
compiling stm32f4xx_hal_dma.c...
compiling adc.c...
compiling stm32f4xx_hal_cortex.c...
compiling stm32f4xx_hal_rcc.c...
compiling stm32f4xx_hal_i2c_ex.c...
compiling system_stm32f4xx.c...
compiling stm32f4xx_hal_adc_ex.c...
compiling as5600.c...
compiling vofa.c...
compiling arm_cos_f32.c...
compiling arm_sin_f32.c...
compiling stm32f4xx_hal_tim_ex.c...
compiling fast_trig.c...
compiling motor.c...
compiling sample.c...
compiling pid.c...
compiling foc.c...
compiling utils.c...
compiling stm32f4xx_hal_uart.c...
compiling stm32f4xx_hal_tim.c...
compiling stm32f4xx_hal_i2c.c...
linking...
Program Size: Code=28448 RO-data=568 RW-data=280 ZI-data=17968  
FromELF: creating hex file...
"TinyFoc\TinyFoc.axf" - 0 Error(s), 0 Warning(s).

<h2>Software Packages used:</h2>

Package Vendor: ARM
                http://www.keil.com/pack/ARM.CMSIS.5.9.0.pack
                ARM::CMSIS@5.9.0
                CMSIS (Common Microcontroller Software Interface Standard)
   * Component: CORE Version: 5.6.0

Package Vendor: Keil
                https://www.keil.com/pack/Keil.STM32F4xx_DFP.2.17.1.pack
                Keil::STM32F4xx_DFP@2.17.1
                STMicroelectronics STM32F4 Series Device Support, Drivers and Examples

<h2>Collection of Component include folders:</h2>
  ./RTE/_TinyFoc
  D:/softs/mdk/ARM/CMSIS/5.9.0/CMSIS/Core/Include
  D:/softs/mdk/Keil/STM32F4xx_DFP/2.17.1/Drivers/CMSIS/Device/ST/STM32F4xx/Include

<h2>Collection of Component Files used:</h2>

   * Component: ARM::CMSIS:CORE@5.6.0
      Include file:  CMSIS/Core/Include/tz_context.h
Build Time Elapsed:  00:00:02
</pre>
</body>
</html>
