Component: Arm Compiler for Embedded 6.21 Tool: armlink [5ec1fa00]

==============================================================================

Section Cross References

    startup_stm32f411xe.o(RESET) refers to startup_stm32f411xe.o(STACK) for __initial_sp
    startup_stm32f411xe.o(RESET) refers to startup_stm32f411xe.o(.text) for Reset_Handler
    startup_stm32f411xe.o(RESET) refers to stm32f4xx_it.o(.text.NMI_Handler) for NMI_Handler
    startup_stm32f411xe.o(RESET) refers to stm32f4xx_it.o(.text.HardFault_Handler) for HardFault_Handler
    startup_stm32f411xe.o(RESET) refers to stm32f4xx_it.o(.text.MemManage_Handler) for MemManage_Handler
    startup_stm32f411xe.o(RESET) refers to stm32f4xx_it.o(.text.BusFault_Handler) for BusFault_Handler
    startup_stm32f411xe.o(RESET) refers to stm32f4xx_it.o(.text.UsageFault_Handler) for UsageFault_Handler
    startup_stm32f411xe.o(RESET) refers to stm32f4xx_it.o(.text.SVC_Handler) for SVC_Handler
    startup_stm32f411xe.o(RESET) refers to stm32f4xx_it.o(.text.DebugMon_Handler) for DebugMon_Handler
    startup_stm32f411xe.o(RESET) refers to stm32f4xx_it.o(.text.PendSV_Handler) for PendSV_Handler
    startup_stm32f411xe.o(RESET) refers to stm32f4xx_it.o(.text.SysTick_Handler) for SysTick_Handler
    startup_stm32f411xe.o(RESET) refers to stm32f4xx_it.o(.text.ADC_IRQHandler) for ADC_IRQHandler
    startup_stm32f411xe.o(RESET) refers to stm32f4xx_it.o(.text.TIM2_IRQHandler) for TIM2_IRQHandler
    startup_stm32f411xe.o(RESET) refers to stm32f4xx_it.o(.text.USART1_IRQHandler) for USART1_IRQHandler
    startup_stm32f411xe.o(RESET) refers to stm32f4xx_it.o(.text.DMA2_Stream2_IRQHandler) for DMA2_Stream2_IRQHandler
    startup_stm32f411xe.o(.text) refers to system_stm32f4xx.o(.text.SystemInit) for SystemInit
    startup_stm32f411xe.o(.text) refers to entry.o(.ARM.Collect$$$$00000000) for __main
    main.o(.text.fputc) refers to usart.o(.bss.huart1) for huart1
    main.o(.text.fputc) refers to stm32f4xx_hal_uart.o(.text.HAL_UART_Transmit) for HAL_UART_Transmit
    main.o(.ARM.exidx.text.fputc) refers to main.o(.text.fputc) for [Anonymous Symbol]
    main.o(.text.main) refers to stm32f4xx_hal.o(.text.HAL_Init) for HAL_Init
    main.o(.text.main) refers to main.o(.text.SystemClock_Config) for SystemClock_Config
    main.o(.text.main) refers to gpio.o(.text.MX_GPIO_Init) for MX_GPIO_Init
    main.o(.text.main) refers to dma.o(.text.MX_DMA_Init) for MX_DMA_Init
    main.o(.text.main) refers to adc.o(.text.MX_ADC1_Init) for MX_ADC1_Init
    main.o(.text.main) refers to i2c.o(.text.MX_I2C1_Init) for MX_I2C1_Init
    main.o(.text.main) refers to tim.o(.text.MX_TIM1_Init) for MX_TIM1_Init
    main.o(.text.main) refers to usart.o(.text.MX_USART1_UART_Init) for MX_USART1_UART_Init
    main.o(.text.main) refers to tim.o(.text.MX_TIM2_Init) for MX_TIM2_Init
    main.o(.text.main) refers to fast_trig.o(.text.fast_trig_init) for fast_trig_init
    main.o(.text.main) refers to adc.o(.bss.hadc1) for hadc1
    main.o(.text.main) refers to stm32f4xx_hal_adc_ex.o(.text.HAL_ADCEx_InjectedStart_IT) for HAL_ADCEx_InjectedStart_IT
    main.o(.text.main) refers to printfa.o(i.__0printf) for __2printf
    main.o(.text.main) refers to tim.o(.bss.htim1) for htim1
    main.o(.text.main) refers to stm32f4xx_hal_tim.o(.text.HAL_TIM_Base_Start) for HAL_TIM_Base_Start
    main.o(.text.main) refers to sample.o(.text.ADC_Calibration) for ADC_Calibration
    main.o(.text.main) refers to as5600.o(.bss.AngleSensor) for AngleSensor
    main.o(.text.main) refers to i2c.o(.bss.hi2c1) for hi2c1
    main.o(.text.main) refers to as5600.o(.text.AS5600_Init) for AS5600_Init
    main.o(.text.main) refers to utils.o(.text.DWT_Init) for DWT_Init
    main.o(.text.main) refers to usart.o(.bss.huart1) for huart1
    main.o(.text.main) refers to vofa.o(.bss..L_MergedGlobals) for rx_buffer
    main.o(.text.main) refers to stm32f4xx_hal_uart.o(.text.HAL_UARTEx_ReceiveToIdle_DMA) for HAL_UARTEx_ReceiveToIdle_DMA
    main.o(.text.main) refers to stm32f4xx_hal_tim.o(.text.HAL_TIM_PWM_Start) for HAL_TIM_PWM_Start
    main.o(.text.main) refers to motor.o(.text.foc_alignSensor) for foc_alignSensor
    main.o(.text.main) refers to tim.o(.bss.htim2) for htim2
    main.o(.text.main) refers to stm32f4xx_hal_tim.o(.text.HAL_TIM_Base_Start_IT) for HAL_TIM_Base_Start_IT
    main.o(.text.main) refers to motor.o(.text.motor_control_parm_init) for motor_control_parm_init
    main.o(.text.main) refers to pid.o(.text.motor_pid_init) for motor_pid_init
    main.o(.text.main) refers to motor.o(.text.set_motor_mode) for set_motor_mode
    main.o(.text.main) refers to sample.o(.bss..L_MergedGlobals) for current_loop_enable
    main.o(.text.main) refers to stm32f4xx_hal.o(.bss.uwTick) for uwTick
    main.o(.text.main) refers to main.o(.data.RunCycle) for RunCycle
    main.o(.text.main) refers to motor.o(.data.motor_control) for motor_control
    main.o(.text.main) refers to vofa.o(.text.UpperUartTask) for UpperUartTask
[...]
    RESET                                    0x08000000   Section      408  startup_stm32f411xe.o(RESET)
    .ARM.Collect$$$$00000000                 0x08000198   Section        0  entry.o(.ARM.Collect$$$$00000000)
    .ARM.Collect$$$$00000001                 0x08000198   Section        4  entry2.o(.ARM.Collect$$$$00000001)
    .ARM.Collect$$$$00000004                 0x0800019c   Section        4  entry5.o(.ARM.Collect$$$$00000004)
    .ARM.Collect$$$$00000008                 0x080001a0   Section        0  entry7b.o(.ARM.Collect$$$$00000008)
    .ARM.Collect$$$$0000000A                 0x080001a0   Section        0  entry8b.o(.ARM.Collect$$$$0000000A)
    .ARM.Collect$$$$0000000B                 0x080001a0   Section        8  entry9a.o(.ARM.Collect$$$$0000000B)
    __lit__00000000                          0x080001a8   Data           4  entry2.o(.ARM.Collect$$$$00002712)
    .ARM.Collect$$$$0000000D                 0x080001a8   Section        0  entry10a.o(.ARM.Collect$$$$0000000D)
    .ARM.Collect$$$$0000000F                 0x080001a8   Section        0  entry11a.o(.ARM.Collect$$$$0000000F)
    .ARM.Collect$$$$00002712                 0x080001a8   Section        4  entry2.o(.ARM.Collect$$$$00002712)
    $v0                                      0x080001ac   Number         0  startup_stm32f411xe.o(.text)
    .text                                    0x080001ac   Section       36  startup_stm32f411xe.o(.text)
    .text                                    0x080001d0   Section        0  uldiv.o(.text)
    .text                                    0x08000234   Section        0  __0sscanf.o(.text)
    .text                                    0x0800026c   Section        0  _scanf_int.o(.text)
    _fp_value                                0x080003b9   Thumb Code   296  scanf_fp.o(.text)
    .text                                    0x080003b8   Section        0  scanf_fp.o(.text)
    .text                                    0x08000718   Section        0  dcmplt.o(.text)
    .text                                    0x0800074e   Section        0  f2d.o(.text)
    .text                                    0x08000774   Section        0  uidiv.o(.text)
    .text                                    0x080007a0   Section        0  llshl.o(.text)
    .text                                    0x080007be   Section        0  llushr.o(.text)
    .text                                    0x080007de   Section        0  _chval.o(.text)
    _scanf_char_input                        0x080007fd   Thumb Code    12  scanf_char.o(.text)
    .text                                    0x080007fc   Section        0  scanf_char.o(.text)
    .text                                    0x08000824   Section        0  _sgetc.o(.text)
    .text                                    0x08000864   Section        0  iusefp.o(.text)
    .text                                    0x08000864   Section        0  frem.o(.text)
    .text                                    0x080008b6   Section        0  dadd.o(.text)
    .text                                    0x08000a04   Section        0  dmul.o(.text)
    .text                                    0x08000ae8   Section        0  ddiv.o(.text)
    .text                                    0x08000bc6   Section        0  dfltul.o(.text)
    .text                                    0x08000bde   Section        0  dfixul.o(.text)
    .text                                    0x08000c10   Section       48  cdrcmple.o(.text)
    .text                                    0x08000c40   Section        0  d2f.o(.text)
    .text                                    0x08000c78   Section       48  init.o(.text)
    .text                                    0x08000ca8   Section        0  llsshr.o(.text)
    .text                                    0x08000ccc   Section        0  isspace_c.o(.text)
    .text                                    0x08000cd8   Section        0  _scanf.o(.text)
    .text                                    0x08001004   Section        0  fepilogue.o(.text)
    .text                                    0x08001072   Section        0  depilogue.o(.text)
    .text                                    0x0800112c   Section        0  ctype_c.o(.text)
    [Anonymous Symbol]                       0x08001154   Section        0  sample.o(.text.ADC_Calibration)
    [Anonymous Symbol]                       0x080011e8   Section        0  stm32f4xx_it.o(.text.ADC_IRQHandler)
    [Anonymous Symbol]                       0x080011f4   Section        0  as5600.o(.text.AS5600_GetAccumulateAngle)
    [Anonymous Symbol]                       0x080011fc   Section        0  as5600.o(.text.AS5600_GetAngle)
    [Anonymous Symbol]                       0x0800121c   Section        0  as5600.o(.text.AS5600_GetVelocity)
    [Anonymous Symbol]                       0x08001224   Section        0  as5600.o(.text.AS5600_Init)
    [Anonymous Symbol]                       0x08001280   Section        0  as5600.o(.text.AS5600_Update)
    [Anonymous Symbol]                       0x08001390   Section        0  stm32f4xx_it.o(.text.BusFault_Handler)
    [Anonymous Symbol]                       0x08001394   Section        0  stm32f4xx_it.o(.text.DMA2_Stream2_IRQHandler)
    [Anonymous Symbol]                       0x080013a0   Section        0  utils.o(.text.DWT_Init)
    [Anonymous Symbol]                       0x080013e8   Section        0  stm32f4xx_it.o(.text.DebugMon_Handler)
    [Anonymous Symbol]                       0x080013ec   Section        0  main.o(.text.Error_Handler)
    [Anonymous Symbol]                       0x080013f4   Section        0  stm32f4xx_hal_adc_ex.o(.text.HAL_ADCEx_InjectedConfigChannel)
    [Anonymous Symbol]                       0x08001560   Section        0  sample.o(.text.HAL_ADCEx_InjectedConvCpltCallback)
    [Anonymous Symbol]                       0x080015f0   Section        0  stm32f4xx_hal_adc_ex.o(.text.HAL_ADCEx_InjectedGetValue)
    [Anonymous Symbol]                       0x08001624   Section        0  stm32f4xx_hal_adc_ex.o(.text.HAL_ADCEx_InjectedStart_IT)
    [Anonymous Symbol]                       0x0800173c   Section        0  stm32f4xx_hal_adc.o(.text.HAL_ADC_ConfigChannel)
    [Anonymous Symbol]                       0x080018ac   Section        0  stm32f4xx_hal_adc.o(.text.HAL_ADC_ConvCpltCallback)
    [Anonymous Symbol]                       0x080018b0   Section        0  stm32f4xx_hal_adc.o(.text.HAL_ADC_ErrorCallback)
    [Anonymous Symbol]                       0x080018b4   Section        0  stm32f4xx_hal_adc.o(.text.HAL_ADC_IRQHandler)
    [Anonymous Symbol]                       0x080019ec   Section        0  stm32f4xx_hal_adc.o(.text.HAL_ADC_Init)
    [Anonymous Symbol]                       0x08001b4c   Section        0  stm32f4xx_hal_adc.o(.text.HAL_ADC_LevelOutOfWindowCallback)
    [Anonymous Symbol]                       0x08001b50   Section        0  adc.o(.text.HAL_ADC_MspInit)
    [Anonymous Symbol]                       0x08001bc4   Section        0  stm32f4xx_hal_dma.o(.text.HAL_DMA_Abort)
    [Anonymous Symbol]                       0x08001c54   Section        0  stm32f4xx_hal_dma.o(.text.HAL_DMA_Abort_IT)
    [Anonymous Symbol]                       0x08001c78   Section        0  stm32f4xx_hal_dma.o(.text.HAL_DMA_IRQHandler)
    [Anonymous Symbol]                       0x08001e38   Section        0  stm32f4xx_hal_dma.o(.text.HAL_DMA_Init)
    [Anonymous Symbol]                       0x08001f9c   Section        0  stm32f4xx_hal_dma.o(.text.HAL_DMA_Start_IT)
    [Anonymous Symbol]                       0x08002040   Section        0  stm32f4xx_hal.o(.text.HAL_Delay)
    [Anonymous Symbol]                       0x08002068   Section        0  stm32f4xx_hal_gpio.o(.text.HAL_GPIO_Init)
    [Anonymous Symbol]                       0x08002208   Section        0  stm32f4xx_hal_gpio.o(.text.HAL_GPIO_WritePin)
    [Anonymous Symbol]                       0x08002214   Section        0  stm32f4xx_hal.o(.text.HAL_GetTick)
    [Anonymous Symbol]                       0x08002220   Section        0  stm32f4xx_hal_i2c.o(.text.HAL_I2C_Init)
    [Anonymous Symbol]                       0x08002384   Section        0  stm32f4xx_hal_i2c.o(.text.HAL_I2C_Master_Receive)
    [Anonymous Symbol]                       0x080026a0   Section        0  stm32f4xx_hal_i2c.o(.text.HAL_I2C_Master_Transmit)
    [Anonymous Symbol]                       0x0800287c   Section        0  i2c.o(.text.HAL_I2C_MspInit)
    [Anonymous Symbol]                       0x080028e8   Section        0  stm32f4xx_hal.o(.text.HAL_IncTick)
    [Anonymous Symbol]                       0x08002904   Section        0  stm32f4xx_hal.o(.text.HAL_Init)
    [Anonymous Symbol]                       0x0800293c   Section        0  stm32f4xx_hal.o(.text.HAL_InitTick)
    [Anonymous Symbol]                       0x08002984   Section        0  stm32f4xx_hal_msp.o(.text.HAL_MspInit)
    [Anonymous Symbol]                       0x080029bc   Section        0  stm32f4xx_hal_cortex.o(.text.HAL_NVIC_EnableIRQ)
    [Anonymous Symbol]                       0x080029e0   Section        0  stm32f4xx_hal_cortex.o(.text.HAL_NVIC_SetPriority)
    [Anonymous Symbol]                       0x08002a38   Section        0  stm32f4xx_hal_cortex.o(.text.HAL_NVIC_SetPriorityGrouping)
    [Anonymous Symbol]                       0x08002a58   Section        0  stm32f4xx_hal_rcc.o(.text.HAL_RCC_ClockConfig)
    [Anonymous Symbol]                       0x08002bbc   Section        0  stm32f4xx_hal_rcc.o(.text.HAL_RCC_GetPCLK1Freq)
    [Anonymous Symbol]                       0x08002be4   Section        0  stm32f4xx_hal_rcc.o(.text.HAL_RCC_GetPCLK2Freq)
    [Anonymous Symbol]                       0x08002c0c   Section        0  stm32f4xx_hal_rcc.o(.text.HAL_RCC_GetSysClockFreq)
    [Anonymous Symbol]                       0x08002c78   Section        0  stm32f4xx_hal_rcc.o(.text.HAL_RCC_OscConfig)
    [Anonymous Symbol]                       0x08003028   Section        0  stm32f4xx_hal_cortex.o(.text.HAL_SYSTICK_Config)
    [Anonymous Symbol]                       0x08003054   Section        0  stm32f4xx_hal_tim_ex.o(.text.HAL_TIMEx_BreakCallback)
    [Anonymous Symbol]                       0x08003058   Section        0  stm32f4xx_hal_tim_ex.o(.text.HAL_TIMEx_CommutCallback)
    [Anonymous Symbol]                       0x0800305c   Section        0  stm32f4xx_hal_tim_ex.o(.text.HAL_TIMEx_ConfigBreakDeadTime)
    [Anonymous Symbol]                       0x080030ac   Section        0  stm32f4xx_hal_tim_ex.o(.text.HAL_TIMEx_MasterConfigSynchronization)
    [Anonymous Symbol]                       0x08003140   Section        0  stm32f4xx_hal_tim.o(.text.HAL_TIM_Base_Init)
    [Anonymous Symbol]                       0x0800319c   Section        0  tim.o(.text.HAL_TIM_Base_MspInit)
    [Anonymous Symbol]                       0x08003208   Section        0  stm32f4xx_hal_tim.o(.text.HAL_TIM_Base_Start)
    [Anonymous Symbol]                       0x08003284   Section        0  stm32f4xx_hal_tim.o(.text.HAL_TIM_Base_Start_IT)
    [Anonymous Symbol]                       0x08003308   Section        0  stm32f4xx_hal_tim.o(.text.HAL_TIM_ConfigClockSource)
    [Anonymous Symbol]                       0x080034a8   Section        0  stm32f4xx_hal_tim.o(.text.HAL_TIM_IC_CaptureCallback)
    [Anonymous Symbol]                       0x080034ac   Section        0  stm32f4xx_hal_tim.o(.text.HAL_TIM_IRQHandler)
    [Anonymous Symbol]                       0x080035fc   Section        0  stm32f4xx_hal_tim.o(.text.HAL_TIM_OC_DelayElapsedCallback)
    [Anonymous Symbol]                       0x08003600   Section        0  stm32f4xx_hal_tim.o(.text.HAL_TIM_PWM_ConfigChannel)
    [Anonymous Symbol]                       0x080037f8   Section        0  stm32f4xx_hal_tim.o(.text.HAL_TIM_PWM_Init)
    [Anonymous Symbol]                       0x08003854   Section        0  stm32f4xx_hal_tim.o(.text.HAL_TIM_PWM_MspInit)
    [Anonymous Symbol]                       0x08003858   Section        0  stm32f4xx_hal_tim.o(.text.HAL_TIM_PWM_PulseFinishedCallback)
    [Anonymous Symbol]                       0x0800385c   Section        0  stm32f4xx_hal_tim.o(.text.HAL_TIM_PWM_Start)
    [Anonymous Symbol]                       0x0800394c   Section        0  motor.o(.text.HAL_TIM_PeriodElapsedCallback)
    [Anonymous Symbol]                       0x08003a5c   Section        0  stm32f4xx_hal_tim.o(.text.HAL_TIM_TriggerCallback)
    [Anonymous Symbol]                       0x08003a60   Section        0  stm32f4xx_hal_uart.o(.text.HAL_UARTEx_ReceiveToIdle_DMA)
    [Anonymous Symbol]                       0x08003c4c   Section        0  vofa.o(.text.HAL_UARTEx_RxEventCallback)
    [Anonymous Symbol]                       0x08003c6c   Section        0  stm32f4xx_hal_uart.o(.text.HAL_UART_ErrorCallback)
    [Anonymous Symbol]                       0x08003c70   Section        0  stm32f4xx_hal_uart.o(.text.HAL_UART_IRQHandler)
    [Anonymous Symbol]                       0x080041f8   Section        0  stm32f4xx_hal_uart.o(.text.HAL_UART_Init)
    [Anonymous Symbol]                       0x08004258   Section        0  usart.o(.text.HAL_UART_MspInit)
    [Anonymous Symbol]                       0x0800434c   Section        0  stm32f4xx_hal_uart.o(.text.HAL_UART_RxCpltCallback)
    [Anonymous Symbol]                       0x08004350   Section        0  stm32f4xx_hal_uart.o(.text.HAL_UART_RxHalfCpltCallback)
    [Anonymous Symbol]                       0x08004354   Section        0  stm32f4xx_hal_uart.o(.text.HAL_UART_Transmit)
    [Anonymous Symbol]                       0x080044cc   Section        0  stm32f4xx_hal_uart.o(.text.HAL_UART_TxCpltCallback)
    [Anonymous Symbol]                       0x080044d0   Section        0  stm32f4xx_it.o(.text.HardFault_Handler)
    I2C_WaitOnBTFFlagUntilTimeout            0x080044d5   Thumb Code   186  stm32f4xx_hal_i2c.o(.text.I2C_WaitOnBTFFlagUntilTimeout)
    [Anonymous Symbol]                       0x080044d4   Section        0  stm32f4xx_hal_i2c.o(.text.I2C_WaitOnBTFFlagUntilTimeout)
    I2C_WaitOnFlagUntilTimeout               0x08004591   Thumb Code   458  stm32f4xx_hal_i2c.o(.text.I2C_WaitOnFlagUntilTimeout)
    [Anonymous Symbol]                       0x08004590   Section        0  stm32f4xx_hal_i2c.o(.text.I2C_WaitOnFlagUntilTimeout)
    I2C_WaitOnMasterAddressFlagUntilTimeout  0x0800475d   Thumb Code   214  stm32f4xx_hal_i2c.o(.text.I2C_WaitOnMasterAddressFlagUntilTimeout)
    [Anonymous Symbol]                       0x0800475c   Section        0  stm32f4xx_hal_i2c.o(.text.I2C_WaitOnMasterAddressFlagUntilTimeout)
    I2C_WaitOnRXNEFlagUntilTimeout           0x08004835   Thumb Code   144  stm32f4xx_hal_i2c.o(.text.I2C_WaitOnRXNEFlagUntilTimeout)
    [Anonymous Symbol]                       0x08004834   Section        0  stm32f4xx_hal_i2c.o(.text.I2C_WaitOnRXNEFlagUntilTimeout)
    I2C_WaitOnTXEFlagUntilTimeout            0x080048c5   Thumb Code   186  stm32f4xx_hal_i2c.o(.text.I2C_WaitOnTXEFlagUntilTimeout)
    [Anonymous Symbol]                       0x080048c4   Section        0  stm32f4xx_hal_i2c.o(.text.I2C_WaitOnTXEFlagUntilTimeout)
    [Anonymous Symbol]                       0x08004980   Section        0  adc.o(.text.MX_ADC1_Init)
    [Anonymous Symbol]                       0x08004a4c   Section        0  dma.o(.text.MX_DMA_Init)
    [Anonymous Symbol]                       0x08004a84   Section        0  gpio.o(.text.MX_GPIO_Init)
    [Anonymous Symbol]                       0x08004afc   Section        0  i2c.o(.text.MX_I2C1_Init)
    [Anonymous Symbol]                       0x08004b40   Section        0  tim.o(.text.MX_TIM1_Init)
    [Anonymous Symbol]                       0x08004cbc   Section        0  tim.o(.text.MX_TIM2_Init)
    [Anonymous Symbol]                       0x08004d2c   Section        0  usart.o(.text.MX_USART1_UART_Init)
    [Anonymous Symbol]                       0x08004d68   Section        0  stm32f4xx_it.o(.text.MemManage_Handler)
    [Anonymous Symbol]                       0x08004d6c   Section        0  stm32f4xx_it.o(.text.NMI_Handler)
    [Anonymous Symbol]                       0x08004d70   Section        0  pid.o(.text.PIDController_Update)
    [Anonymous Symbol]                       0x08004ea8   Section        0  stm32f4xx_it.o(.text.PendSV_Handler)
    [Anonymous Symbol]                       0x08004eac   Section        0  stm32f4xx_it.o(.text.SVC_Handler)
    [Anonymous Symbol]                       0x08004eb0   Section        0  stm32f4xx_it.o(.text.SysTick_Handler)
    [Anonymous Symbol]                       0x08004eb4   Section        0  main.o(.text.SystemClock_Config)
    [Anonymous Symbol]                       0x08004f58   Section        0  system_stm32f4xx.o(.text.SystemInit)
    [Anonymous Symbol]                       0x08004f6c   Section        0  stm32f4xx_it.o(.text.TIM2_IRQHandler)
    [Anonymous Symbol]                       0x08004f78   Section        0  stm32f4xx_hal_tim.o(.text.TIM_Base_SetConfig)
    UART_DMAAbortOnError                     0x08005071   Thumb Code    10  stm32f4xx_hal_uart.o(.text.UART_DMAAbortOnError)
    [Anonymous Symbol]                       0x08005070   Section        0  stm32f4xx_hal_uart.o(.text.UART_DMAAbortOnError)
    UART_DMAError                            0x0800507d   Thumb Code   380  stm32f4xx_hal_uart.o(.text.UART_DMAError)
    [Anonymous Symbol]                       0x0800507c   Section        0  stm32f4xx_hal_uart.o(.text.UART_DMAError)
    UART_DMAReceiveCplt                      0x080051f9   Thumb Code   350  stm32f4xx_hal_uart.o(.text.UART_DMAReceiveCplt)
    [Anonymous Symbol]                       0x080051f8   Section        0  stm32f4xx_hal_uart.o(.text.UART_DMAReceiveCplt)
    UART_DMARxHalfCplt                       0x08005359   Thumb Code    24  stm32f4xx_hal_uart.o(.text.UART_DMARxHalfCplt)
    [Anonymous Symbol]                       0x08005358   Section        0  stm32f4xx_hal_uart.o(.text.UART_DMARxHalfCplt)
    UART_Receive_IT                          0x08005371   Thumb Code   254  stm32f4xx_hal_uart.o(.text.UART_Receive_IT)
    [Anonymous Symbol]                       0x08005370   Section        0  stm32f4xx_hal_uart.o(.text.UART_Receive_IT)
    UART_SetConfig                           0x08005471   Thumb Code   238  stm32f4xx_hal_uart.o(.text.UART_SetConfig)
    [Anonymous Symbol]                       0x08005470   Section        0  stm32f4xx_hal_uart.o(.text.UART_SetConfig)
    [Anonymous Symbol]                       0x08005560   Section        0  stm32f4xx_it.o(.text.USART1_IRQHandler)
    [Anonymous Symbol]                       0x0800556c   Section        0  vofa.o(.text.UpperUartTask)
    [Anonymous Symbol]                       0x08005638   Section        0  stm32f4xx_it.o(.text.UsageFault_Handler)
    [Anonymous Symbol]                       0x0800563c   Section        0  utils.o(.text._calculate_zero_electric_angle)
    [Anonymous Symbol]                       0x08005770   Section        0  utils.o(.text._electricalAngle)
    [Anonymous Symbol]                       0x080057d4   Section        0  utils.o(.text._electricalVelocity)
    [Anonymous Symbol]                       0x08005808   Section        0  utils.o(.text.dwt_get_micros)
    [Anonymous Symbol]                       0x08005824   Section        0  fast_trig.o(.text.fast_cos_f32)
    [Anonymous Symbol]                       0x08005980   Section        0  fast_trig.o(.text.fast_sin_f32)
    [Anonymous Symbol]                       0x08005ad0   Section        0  fast_trig.o(.text.fast_trig_init)
    [Anonymous Symbol]                       0x08005c88   Section        0  motor.o(.text.foc_alignSensor)
    [Anonymous Symbol]                       0x08005d5c   Section        0  motor.o(.text.foc_current_loop)
    [Anonymous Symbol]                       0x08005e6c   Section        0  foc.o(.text.foc_forward)
    [Anonymous Symbol]                       0x0800615c   Section        0  main.o(.text.fputc)
    [Anonymous Symbol]                       0x0800617c   Section        0  utils.o(.text.lowPassFilter)
    [Anonymous Symbol]                       0x080061a4   Section        0  main.o(.text.main)
    [Anonymous Symbol]                       0x08006300   Section        0  motor.o(.text.motor_control_parm_init)
    [Anonymous Symbol]                       0x0800632c   Section        0  pid.o(.text.motor_pid_init)
    [Anonymous Symbol]                       0x0800639c   Section        0  motor.o(.text.set_motor_mode)
    i.__0printf                              0x080063ac   Section        0  printfa.o(i.__0printf)
    i.__ARM_fpclassifyf                      0x080063cc   Section        0  fpclassifyf.o(i.__ARM_fpclassifyf)
    i.__hardfp_fmodf                         0x080063f2   Section        0  fmodf.o(i.__hardfp_fmodf)
    i.__hardfp_sinf                          0x080064a4   Section        0  sinf.o(i.__hardfp_sinf)
    i.__mathlib_flt_infnan                   0x08006634   Section        0  funder.o(i.__mathlib_flt_infnan)
    i.__mathlib_flt_invalid                  0x0800663c   Section        0  funder.o(i.__mathlib_flt_invalid)
    i.__mathlib_flt_underflow                0x0800664c   Section        0  funder.o(i.__mathlib_flt_underflow)
    i.__mathlib_rredf2                       0x0800665c   Section        0  rredf.o(i.__mathlib_rredf2)
    i.__scatterload_copy                     0x080067b0   Section       14  handlers.o(i.__scatterload_copy)
    i.__scatterload_null                     0x080067be   Section        2  handlers.o(i.__scatterload_null)
    i.__scatterload_zeroinit                 0x080067c0   Section       14  handlers.o(i.__scatterload_zeroinit)
    i.__set_errno                            0x080067d0   Section        0  errno.o(i.__set_errno)
    _fp_digits                               0x080067dd   Thumb Code   366  printfa.o(i._fp_digits)
    i._fp_digits                             0x080067dc   Section        0  printfa.o(i._fp_digits)
    i._is_digit                              0x08006960   Section        0  scanf_fp.o(i._is_digit)
    _printf_core                             0x08006971   Thumb Code  1744  printfa.o(i._printf_core)
    i._printf_core                           0x08006970   Section        0  printfa.o(i._printf_core)
    _printf_post_padding                     0x0800704d   Thumb Code    36  printfa.o(i._printf_post_padding)
    i._printf_post_padding                   0x0800704c   Section        0  printfa.o(i._printf_post_padding)
    _printf_pre_padding                      0x08007071   Thumb Code    46  printfa.o(i._printf_pre_padding)
    i._printf_pre_padding                    0x08007070   Section        0  printfa.o(i._printf_pre_padding)
    i.puts                                   0x080070a0   Section        0  puts.o(i.puts)
    twooverpi                                0x080070c4   Data          32  rredf.o(.constdata)
    .constdata                               0x080070c4   Section       32  rredf.o(.constdata)
    .constdata                               0x080070e4   Section       64  ctype_c.o(.constdata)
    DMA_CalcBaseAndBitshift.flagBitshiftOffset 0x0800713c   Data           8  stm32f4xx_hal_dma.o(.rodata.cst8)
    [Anonymous Symbol]                       0x0800713c   Section        0  stm32f4xx_hal_dma.o(.rodata.cst8)
    .data                                    0x20000000   Section        4  stdout.o(.data)
    _errno                                   0x20000004   Data           4  errno.o(.data)
    .data                                    0x20000004   Section        4  errno.o(.data)
    .L_MergedGlobals                         0x20000008   Data           8  stm32f4xx_hal.o(.data..L_MergedGlobals)
    [Anonymous Symbol]                       0x20000008   Section        0  stm32f4xx_hal.o(.data..L_MergedGlobals)
    .L_MergedGlobals                         0x20000010   Data         120  pid.o(.data..L_MergedGlobals)
    [Anonymous Symbol]                       0x20000010   Section        0  pid.o(.data..L_MergedGlobals)
    .L_MergedGlobals                         0x20000118   Data          40  vofa.o(.bss..L_MergedGlobals)
    [Anonymous Symbol]                       0x20000118   Section        0  vofa.o(.bss..L_MergedGlobals)
    .L_MergedGlobals                         0x20000140   Data           6  sample.o(.bss..L_MergedGlobals)
    [Anonymous Symbol]                       0x20000140   Section        0  sample.o(.bss..L_MergedGlobals)
    cpu_freq_mhz                             0x20000160   Data           4  utils.o(.bss.cpu_freq_mhz)
    [Anonymous Symbol]                       0x20000160   Section        0  utils.o(.bss.cpu_freq_mhz)
    lowPassFilter.filtered_angle             0x20000338   Data           4  utils.o(.bss.lowPassFilter.filtered_angle)
    [Anonymous Symbol]                       0x20000338   Section        0  utils.o(.bss.lowPassFilter.filtered_angle)
    sin_lut                                  0x2000033c   Data       16388  fast_trig.o(.bss.sin_lut)
    [Anonymous Symbol]                       0x2000033c   Section        0  fast_trig.o(.bss.sin_lut)
    STACK                                    0x20004348   Section     1024  startup_stm32f411xe.o(STACK)

    Global Symbols

    Symbol Name                              Value     Ov Type        Size  Object(Section)

    BuildAttributes$$THM_ISAv4$E$P$D$K$B$S$7EM$VFPi3$EXTD16$VFPS$VFMA$PE$A:L22UL41UL21$X:L11$S22US41US21$IEEE1$IW$~IW$USESV6$~STKCKD$USESV7$~SHL$OTIME$ROPI$IEEEX$EBA8$MICROLIB$REQ8$PRES8$EABIv2 0x00000000   Number         0  anon$$obj.o ABSOLUTE
    _printf_a                                0x00000000   Number         0  printfstubs.o ABSOLUTE
    _printf_c                                0x00000000   Number         0  printfstubs.o ABSOLUTE
    _printf_charcount                        0x00000000   Number         0  printfstubs.o ABSOLUTE
    _printf_d                                0x00000000   Number         0  printfstubs.o ABSOLUTE
    _printf_e                                0x00000000   Number         0  printfstubs.o ABSOLUTE
    _printf_f                                0x00000000   Number         0  printfstubs.o ABSOLUTE
    _printf_flags                            0x00000000   Number         0  printfstubs.o ABSOLUTE
    _printf_fp_dec                           0x00000000   Number         0  printfstubs.o ABSOLUTE
    _printf_fp_hex                           0x00000000   Number         0  printfstubs.o ABSOLUTE
    _printf_g                                0x00000000   Number         0  printfstubs.o ABSOLUTE
    _printf_i                                0x00000000   Number         0  printfstubs.o ABSOLUTE
    _printf_int_dec                          0x00000000   Number         0  printfstubs.o ABSOLUTE
    _printf_l                                0x00000000   Number         0  printfstubs.o ABSOLUTE
    _printf_lc                               0x00000000   Number         0  printfstubs.o ABSOLUTE
    _printf_ll                               0x00000000   Number         0  printfstubs.o ABSOLUTE
    _printf_lld                              0x00000000   Number         0  printfstubs.o ABSOLUTE
    _printf_lli                              0x00000000   Number         0  printfstubs.o ABSOLUTE
    _printf_llo                              0x00000000   Number         0  printfstubs.o ABSOLUTE
    _printf_llu                              0x00000000   Number         0  printfstubs.o ABSOLUTE
    _printf_llx                              0x00000000   Number         0  printfstubs.o ABSOLUTE
    _printf_longlong_dec                     0x00000000   Number         0  printfstubs.o ABSOLUTE
    _printf_longlong_hex                     0x00000000   Number         0  printfstubs.o ABSOLUTE
    _printf_longlong_oct                     0x00000000   Number         0  printfstubs.o ABSOLUTE
    _printf_ls                               0x00000000   Number         0  printfstubs.o ABSOLUTE
    _printf_mbtowc                           0x00000000   Number         0  printfstubs.o ABSOLUTE
    _printf_n                                0x00000000   Number         0  printfstubs.o ABSOLUTE
    _printf_o                                0x00000000   Number         0  printfstubs.o ABSOLUTE
    _printf_p                                0x00000000   Number         0  printfstubs.o ABSOLUTE
    _printf_percent                          0x00000000   Number         0  printfstubs.o ABSOLUTE
    _printf_pre_padding                      0x00000000   Number         0  printfstubs.o ABSOLUTE
    _printf_return_value                     0x00000000   Number         0  printfstubs.o ABSOLUTE
    _printf_s                                0x00000000   Number         0  printfstubs.o ABSOLUTE
    _printf_sizespec                         0x00000000   Number         0  printfstubs.o ABSOLUTE
    _printf_str                              0x00000000   Number         0  printfstubs.o ABSOLUTE
    _printf_truncate_signed                  0x00000000   Number         0  printfstubs.o ABSOLUTE
    _printf_truncate_unsigned                0x00000000   Number         0  printfstubs.o ABSOLUTE
    _printf_u                                0x00000000   Number         0  printfstubs.o ABSOLUTE
    _printf_wc                               0x00000000   Number         0  printfstubs.o ABSOLUTE
    _printf_wctomb                           0x00000000   Number         0  printfstubs.o ABSOLUTE
    _printf_widthprec                        0x00000000   Number         0  printfstubs.o ABSOLUTE
    _printf_x                                0x00000000   Number         0  printfstubs.o ABSOLUTE
    __cpp_initialize__aeabi_                  - Undefined Weak Reference
    __cxa_finalize                            - Undefined Weak Reference
    __decompress                              - Undefined Weak Reference
    _clock_init                               - Undefined Weak Reference
    _microlib_exit                            - Undefined Weak Reference
    _scanf_longlong                           - Undefined Weak Reference
    _scanf_string                             - Undefined Weak Reference
    __Vectors_Size                           0x00000198   Number         0  startup_stm32f411xe.o ABSOLUTE
    __Vectors                                0x08000000   Data           4  startup_stm32f411xe.o(RESET)
    __Vectors_End                            0x08000198   Data           0  startup_stm32f411xe.o(RESET)
    __main                                   0x08000199   Thumb Code     0  entry.o(.ARM.Collect$$$$00000000)
    _main_stk                                0x08000199   Thumb Code     0  entry2.o(.ARM.Collect$$$$00000001)
    _main_scatterload                        0x0800019d   Thumb Code     0  entry5.o(.ARM.Collect$$$$00000004)
    __main_after_scatterload                 0x080001a1   Thumb Code     0  entry5.o(.ARM.Collect$$$$00000004)
    _main_clock                              0x080001a1   Thumb Code     0  entry7b.o(.ARM.Collect$$$$00000008)
    _main_cpp_init                           0x080001a1   Thumb Code     0  entry8b.o(.ARM.Collect$$$$0000000A)
    _main_init                               0x080001a1   Thumb Code     0  entry9a.o(.ARM.Collect$$$$0000000B)
    __rt_final_cpp                           0x080001a9   Thumb Code     0  entry10a.o(.ARM.Collect$$$$0000000D)
    __rt_final_exit                          0x080001a9   Thumb Code     0  entry11a.o(.ARM.Collect$$$$0000000F)
    Reset_Handler                            0x080001ad   Thumb Code     8  startup_stm32f411xe.o(.text)
    DMA1_Stream0_IRQHandler                  0x080001c7   Thumb Code     0  startup_stm32f411xe.o(.text)
    DMA1_Stream1_IRQHandler                  0x080001c7   Thumb Code     0  startup_stm32f411xe.o(.text)
    DMA1_Stream2_IRQHandler                  0x080001c7   Thumb Code     0  startup_stm32f411xe.o(.text)
    DMA1_Stream3_IRQHandler                  0x080001c7   Thumb Code     0  startup_stm32f411xe.o(.text)
    DMA1_Stream4_IRQHandler                  0x080001c7   Thumb Code     0  startup_stm32f411xe.o(.text)
    DMA1_Stream5_IRQHandler                  0x080001c7   Thumb Code     0  startup_stm32f411xe.o(.text)
    DMA1_Stream6_IRQHandler                  0x080001c7   Thumb Code     0  startup_stm32f411xe.o(.text)
    DMA1_Stream7_IRQHandler                  0x080001c7   Thumb Code     0  startup_stm32f411xe.o(.text)
    DMA2_Stream0_IRQHandler                  0x080001c7   Thumb Code     0  startup_stm32f411xe.o(.text)
    DMA2_Stream1_IRQHandler                  0x080001c7   Thumb Code     0  startup_stm32f411xe.o(.text)
    DMA2_Stream3_IRQHandler                  0x080001c7   Thumb Code     0  startup_stm32f411xe.o(.text)
    DMA2_Stream4_IRQHandler                  0x080001c7   Thumb Code     0  startup_stm32f411xe.o(.text)
    DMA2_Stream5_IRQHandler                  0x080001c7   Thumb Code     0  startup_stm32f411xe.o(.text)
    DMA2_Stream6_IRQHandler                  0x080001c7   Thumb Code     0  startup_stm32f411xe.o(.text)
    DMA2_Stream7_IRQHandler                  0x080001c7   Thumb Code     0  startup_stm32f411xe.o(.text)
    EXTI0_IRQHandler                         0x080001c7   Thumb Code     0  startup_stm32f411xe.o(.text)
    EXTI15_10_IRQHandler                     0x080001c7   Thumb Code     0  startup_stm32f411xe.o(.text)
    EXTI1_IRQHandler                         0x080001c7   Thumb Code     0  startup_stm32f411xe.o(.text)
    EXTI2_IRQHandler                         0x080001c7   Thumb Code     0  startup_stm32f411xe.o(.text)
    EXTI3_IRQHandler                         0x080001c7   Thumb Code     0  startup_stm32f411xe.o(.text)
    EXTI4_IRQHandler                         0x080001c7   Thumb Code     0  startup_stm32f411xe.o(.text)
    EXTI9_5_IRQHandler                       0x080001c7   Thumb Code     0  startup_stm32f411xe.o(.text)
    FLASH_IRQHandler                         0x080001c7   Thumb Code     0  startup_stm32f411xe.o(.text)
    FPU_IRQHandler                           0x080001c7   Thumb Code     0  startup_stm32f411xe.o(.text)
    I2C1_ER_IRQHandler                       0x080001c7   Thumb Code     0  startup_stm32f411xe.o(.text)
    I2C1_EV_IRQHandler                       0x080001c7   Thumb Code     0  startup_stm32f411xe.o(.text)
    I2C2_ER_IRQHandler                       0x080001c7   Thumb Code     0  startup_stm32f411xe.o(.text)
    I2C2_EV_IRQHandler                       0x080001c7   Thumb Code     0  startup_stm32f411xe.o(.text)
    I2C3_ER_IRQHandler                       0x080001c7   Thumb Code     0  startup_stm32f411xe.o(.text)
    I2C3_EV_IRQHandler                       0x080001c7   Thumb Code     0  startup_stm32f411xe.o(.text)
    OTG_FS_IRQHandler                        0x080001c7   Thumb Code     0  startup_stm32f411xe.o(.text)
    OTG_FS_WKUP_IRQHandler                   0x080001c7   Thumb Code     0  startup_stm32f411xe.o(.text)
    PVD_IRQHandler                           0x080001c7   Thumb Code     0  startup_stm32f411xe.o(.text)
    RCC_IRQHandler                           0x080001c7   Thumb Code     0  startup_stm32f411xe.o(.text)
    RTC_Alarm_IRQHandler                     0x080001c7   Thumb Code     0  startup_stm32f411xe.o(.text)
    RTC_WKUP_IRQHandler                      0x080001c7   Thumb Code     0  startup_stm32f411xe.o(.text)
    SDIO_IRQHandler                          0x080001c7   Thumb Code     0  startup_stm32f411xe.o(.text)
    SPI1_IRQHandler                          0x080001c7   Thumb Code     0  startup_stm32f411xe.o(.text)
    SPI2_IRQHandler                          0x080001c7   Thumb Code     0  startup_stm32f411xe.o(.text)
    SPI3_IRQHandler                          0x080001c7   Thumb Code     0  startup_stm32f411xe.o(.text)
    SPI4_IRQHandler                          0x080001c7   Thumb Code     0  startup_stm32f411xe.o(.text)
    SPI5_IRQHandler                          0x080001c7   Thumb Code     0  startup_stm32f411xe.o(.text)
    TAMP_STAMP_IRQHandler                    0x080001c7   Thumb Code     0  startup_stm32f411xe.o(.text)
    TIM1_BRK_TIM9_IRQHandler                 0x080001c7   Thumb Code     0  startup_stm32f411xe.o(.text)
    TIM1_CC_IRQHandler                       0x080001c7   Thumb Code     0  startup_stm32f411xe.o(.text)
    TIM1_TRG_COM_TIM11_IRQHandler            0x080001c7   Thumb Code     0  startup_stm32f411xe.o(.text)
    TIM1_UP_TIM10_IRQHandler                 0x080001c7   Thumb Code     0  startup_stm32f411xe.o(.text)
    TIM3_IRQHandler                          0x080001c7   Thumb Code     0  startup_stm32f411xe.o(.text)
    TIM4_IRQHandler                          0x080001c7   Thumb Code     0  startup_stm32f411xe.o(.text)
    TIM5_IRQHandler                          0x080001c7   Thumb Code     0  startup_stm32f411xe.o(.text)
    USART2_IRQHandler                        0x080001c7   Thumb Code     0  startup_stm32f411xe.o(.text)
    USART6_IRQHandler                        0x080001c7   Thumb Code     0  startup_stm32f411xe.o(.text)
    WWDG_IRQHandler                          0x080001c7   Thumb Code     0  startup_stm32f411xe.o(.text)
    __aeabi_uldivmod                         0x080001d1   Thumb Code    98  uldiv.o(.text)
    __0sscanf                                0x08000235   Thumb Code    48  __0sscanf.o(.text)
    _scanf_int                               0x0800026d   Thumb Code   332  _scanf_int.o(.text)
    _scanf_real                              0x080004e1   Thumb Code     0  scanf_fp.o(.text)
    _scanf_really_real                       0x080004e1   Thumb Code   556  scanf_fp.o(.text)
    __aeabi_dcmplt                           0x08000719   Thumb Code    54  dcmplt.o(.text)
    __aeabi_f2d                              0x0800074f   Thumb Code    38  f2d.o(.text)
    __aeabi_uidiv                            0x08000775   Thumb Code     0  uidiv.o(.text)
    __aeabi_uidivmod                         0x08000775   Thumb Code    44  uidiv.o(.text)
    __aeabi_llsl                             0x080007a1   Thumb Code    30  llshl.o(.text)
    _ll_shift_l                              0x080007a1   Thumb Code     0  llshl.o(.text)
    __aeabi_llsr                             0x080007bf   Thumb Code    32  llushr.o(.text)
    _ll_ushift_r                             0x080007bf   Thumb Code     0  llushr.o(.text)
    _chval                                   0x080007df   Thumb Code    28  _chval.o(.text)
    __vfscanf_char                           0x08000809   Thumb Code    20  scanf_char.o(.text)
    _sgetc                                   0x08000825   Thumb Code    30  _sgetc.o(.text)
    _sbackspace                              0x08000843   Thumb Code    34  _sgetc.o(.text)
    __I$use$fp                               0x08000865   Thumb Code     0  iusefp.o(.text)
    _frem                                    0x08000865   Thumb Code    82  frem.o(.text)
    __aeabi_dadd                             0x080008b7   Thumb Code   322  dadd.o(.text)
    __aeabi_dsub                             0x080009f9   Thumb Code     6  dadd.o(.text)
    __aeabi_drsub                            0x080009ff   Thumb Code     6  dadd.o(.text)
    __aeabi_dmul                             0x08000a05   Thumb Code   228  dmul.o(.text)
    __aeabi_ddiv                             0x08000ae9   Thumb Code   222  ddiv.o(.text)
    __aeabi_ul2d                             0x08000bc7   Thumb Code    24  dfltul.o(.text)
    __aeabi_d2ulz                            0x08000bdf   Thumb Code    48  dfixul.o(.text)
    __aeabi_cdrcmple                         0x08000c11   Thumb Code    48  cdrcmple.o(.text)
    __aeabi_d2f                              0x08000c41   Thumb Code    56  d2f.o(.text)
    __scatterload                            0x08000c79   Thumb Code    38  init.o(.text)
    __scatterload_rt2                        0x08000c79   Thumb Code     0  init.o(.text)
    __aeabi_lasr                             0x08000ca9   Thumb Code    36  llsshr.o(.text)
    _ll_sshift_r                             0x08000ca9   Thumb Code     0  llsshr.o(.text)
    isspace                                  0x08000ccd   Thumb Code    10  isspace_c.o(.text)
    __vfscanf                                0x08000cd9   Thumb Code   808  _scanf.o(.text)
    _float_round                             0x08001005   Thumb Code    18  fepilogue.o(.text)
    _float_epilogue                          0x08001017   Thumb Code    92  fepilogue.o(.text)
    _double_round                            0x08001073   Thumb Code    30  depilogue.o(.text)
    _double_epilogue                         0x08001091   Thumb Code   156  depilogue.o(.text)
    __ctype_lookup                           0x0800112d   Thumb Code    34  ctype_c.o(.text)
    ADC_Calibration                          0x08001155   Thumb Code   100  sample.o(.text.ADC_Calibration)
    ADC_IRQHandler                           0x080011e9   Thumb Code    12  stm32f4xx_it.o(.text.ADC_IRQHandler)
    AS5600_GetAccumulateAngle                0x080011f5   Thumb Code     6  as5600.o(.text.AS5600_GetAccumulateAngle)
    AS5600_GetAngle                          0x080011fd   Thumb Code    24  as5600.o(.text.AS5600_GetAngle)
    AS5600_GetVelocity                       0x0800121d   Thumb Code     6  as5600.o(.text.AS5600_GetVelocity)
    AS5600_Init                              0x08001225   Thumb Code    90  as5600.o(.text.AS5600_Init)
    AS5600_Update                            0x08001281   Thumb Code   240  as5600.o(.text.AS5600_Update)
    BusFault_Handler                         0x08001391   Thumb Code     2  stm32f4xx_it.o(.text.BusFault_Handler)
    DMA2_Stream2_IRQHandler                  0x08001395   Thumb Code    12  stm32f4xx_it.o(.text.DMA2_Stream2_IRQHandler)
    DWT_Init                                 0x080013a1   Thumb Code    72  utils.o(.text.DWT_Init)
    DebugMon_Handler                         0x080013e9   Thumb Code     2  stm32f4xx_it.o(.text.DebugMon_Handler)
    Error_Handler                            0x080013ed   Thumb Code     6  main.o(.text.Error_Handler)
    HAL_ADCEx_InjectedConfigChannel          0x080013f5   Thumb Code   364  stm32f4xx_hal_adc_ex.o(.text.HAL_ADCEx_InjectedConfigChannel)
    HAL_ADCEx_InjectedConvCpltCallback       0x08001561   Thumb Code   140  sample.o(.text.HAL_ADCEx_InjectedConvCpltCallback)
    HAL_ADCEx_InjectedGetValue               0x080015f1   Thumb Code    50  stm32f4xx_hal_adc_ex.o(.text.HAL_ADCEx_InjectedGetValue)
    HAL_ADCEx_InjectedStart_IT               0x08001625   Thumb Code   278  stm32f4xx_hal_adc_ex.o(.text.HAL_ADCEx_InjectedStart_IT)
    HAL_ADC_ConfigChannel                    0x0800173d   Thumb Code   368  stm32f4xx_hal_adc.o(.text.HAL_ADC_ConfigChannel)
    HAL_ADC_ConvCpltCallback                 0x080018ad   Thumb Code     2  stm32f4xx_hal_adc.o(.text.HAL_ADC_ConvCpltCallback)
    HAL_ADC_ErrorCallback                    0x080018b1   Thumb Code     2  stm32f4xx_hal_adc.o(.text.HAL_ADC_ErrorCallback)
    HAL_ADC_IRQHandler                       0x080018b5   Thumb Code   310  stm32f4xx_hal_adc.o(.text.HAL_ADC_IRQHandler)
    HAL_ADC_Init                             0x080019ed   Thumb Code   350  stm32f4xx_hal_adc.o(.text.HAL_ADC_Init)
    HAL_ADC_LevelOutOfWindowCallback         0x08001b4d   Thumb Code     2  stm32f4xx_hal_adc.o(.text.HAL_ADC_LevelOutOfWindowCallback)
    HAL_ADC_MspInit                          0x08001b51   Thumb Code   114  adc.o(.text.HAL_ADC_MspInit)
    HAL_DMA_Abort                            0x08001bc5   Thumb Code   142  stm32f4xx_hal_dma.o(.text.HAL_DMA_Abort)
    HAL_DMA_Abort_IT                         0x08001c55   Thumb Code    36  stm32f4xx_hal_dma.o(.text.HAL_DMA_Abort_IT)
    HAL_DMA_IRQHandler                       0x08001c79   Thumb Code   448  stm32f4xx_hal_dma.o(.text.HAL_DMA_IRQHandler)
    HAL_DMA_Init                             0x08001e39   Thumb Code   354  stm32f4xx_hal_dma.o(.text.HAL_DMA_Init)
    HAL_DMA_Start_IT                         0x08001f9d   Thumb Code   162  stm32f4xx_hal_dma.o(.text.HAL_DMA_Start_IT)
    HAL_Delay                                0x08002041   Thumb Code    40  stm32f4xx_hal.o(.text.HAL_Delay)
    HAL_GPIO_Init                            0x08002069   Thumb Code   414  stm32f4xx_hal_gpio.o(.text.HAL_GPIO_Init)
    HAL_GPIO_WritePin                        0x08002209   Thumb Code    10  stm32f4xx_hal_gpio.o(.text.HAL_GPIO_WritePin)
    HAL_GetTick                              0x08002215   Thumb Code    12  stm32f4xx_hal.o(.text.HAL_GetTick)
    HAL_I2C_Init                             0x08002221   Thumb Code   356  stm32f4xx_hal_i2c.o(.text.HAL_I2C_Init)
    HAL_I2C_Master_Receive                   0x08002385   Thumb Code   796  stm32f4xx_hal_i2c.o(.text.HAL_I2C_Master_Receive)
    HAL_I2C_Master_Transmit                  0x080026a1   Thumb Code   476  stm32f4xx_hal_i2c.o(.text.HAL_I2C_Master_Transmit)
    HAL_I2C_MspInit                          0x0800287d   Thumb Code   106  i2c.o(.text.HAL_I2C_MspInit)
    HAL_IncTick                              0x080028e9   Thumb Code    26  stm32f4xx_hal.o(.text.HAL_IncTick)
    HAL_Init                                 0x08002905   Thumb Code    54  stm32f4xx_hal.o(.text.HAL_Init)
    HAL_InitTick                             0x0800293d   Thumb Code    72  stm32f4xx_hal.o(.text.HAL_InitTick)
    HAL_MspInit                              0x08002985   Thumb Code    56  stm32f4xx_hal_msp.o(.text.HAL_MspInit)
    HAL_NVIC_EnableIRQ                       0x080029bd   Thumb Code    34  stm32f4xx_hal_cortex.o(.text.HAL_NVIC_EnableIRQ)
    HAL_NVIC_SetPriority                     0x080029e1   Thumb Code    86  stm32f4xx_hal_cortex.o(.text.HAL_NVIC_SetPriority)
    HAL_NVIC_SetPriorityGrouping             0x08002a39   Thumb Code    32  stm32f4xx_hal_cortex.o(.text.HAL_NVIC_SetPriorityGrouping)
    HAL_RCC_ClockConfig                      0x08002a59   Thumb Code   356  stm32f4xx_hal_rcc.o(.text.HAL_RCC_ClockConfig)
    HAL_RCC_GetPCLK1Freq                     0x08002bbd   Thumb Code    38  stm32f4xx_hal_rcc.o(.text.HAL_RCC_GetPCLK1Freq)
    HAL_RCC_GetPCLK2Freq                     0x08002be5   Thumb Code    38  stm32f4xx_hal_rcc.o(.text.HAL_RCC_GetPCLK2Freq)
    HAL_RCC_GetSysClockFreq                  0x08002c0d   Thumb Code   106  stm32f4xx_hal_rcc.o(.text.HAL_RCC_GetSysClockFreq)
    HAL_RCC_OscConfig                        0x08002c79   Thumb Code   944  stm32f4xx_hal_rcc.o(.text.HAL_RCC_OscConfig)
    HAL_SYSTICK_Config                       0x08003029   Thumb Code    44  stm32f4xx_hal_cortex.o(.text.HAL_SYSTICK_Config)
    HAL_TIMEx_BreakCallback                  0x08003055   Thumb Code     2  stm32f4xx_hal_tim_ex.o(.text.HAL_TIMEx_BreakCallback)
    HAL_TIMEx_CommutCallback                 0x08003059   Thumb Code     2  stm32f4xx_hal_tim_ex.o(.text.HAL_TIMEx_CommutCallback)
    HAL_TIMEx_ConfigBreakDeadTime            0x0800305d   Thumb Code    80  stm32f4xx_hal_tim_ex.o(.text.HAL_TIMEx_ConfigBreakDeadTime)
    HAL_TIMEx_MasterConfigSynchronization    0x080030ad   Thumb Code   148  stm32f4xx_hal_tim_ex.o(.text.HAL_TIMEx_MasterConfigSynchronization)
    HAL_TIM_Base_Init                        0x08003141   Thumb Code    90  stm32f4xx_hal_tim.o(.text.HAL_TIM_Base_Init)
    HAL_TIM_Base_MspInit                     0x0800319d   Thumb Code   108  tim.o(.text.HAL_TIM_Base_MspInit)
    HAL_TIM_Base_Start                       0x08003209   Thumb Code   124  stm32f4xx_hal_tim.o(.text.HAL_TIM_Base_Start)
    HAL_TIM_Base_Start_IT                    0x08003285   Thumb Code   132  stm32f4xx_hal_tim.o(.text.HAL_TIM_Base_Start_IT)
    HAL_TIM_ConfigClockSource                0x08003309   Thumb Code   416  stm32f4xx_hal_tim.o(.text.HAL_TIM_ConfigClockSource)
    HAL_TIM_IC_CaptureCallback               0x080034a9   Thumb Code     2  stm32f4xx_hal_tim.o(.text.HAL_TIM_IC_CaptureCallback)
    HAL_TIM_IRQHandler                       0x080034ad   Thumb Code   334  stm32f4xx_hal_tim.o(.text.HAL_TIM_IRQHandler)
    HAL_TIM_OC_DelayElapsedCallback          0x080035fd   Thumb Code     2  stm32f4xx_hal_tim.o(.text.HAL_TIM_OC_DelayElapsedCallback)
    HAL_TIM_PWM_ConfigChannel                0x08003601   Thumb Code   504  stm32f4xx_hal_tim.o(.text.HAL_TIM_PWM_ConfigChannel)
    HAL_TIM_PWM_Init                         0x080037f9   Thumb Code    90  stm32f4xx_hal_tim.o(.text.HAL_TIM_PWM_Init)
    HAL_TIM_PWM_MspInit                      0x08003855   Thumb Code     2  stm32f4xx_hal_tim.o(.text.HAL_TIM_PWM_MspInit)
    HAL_TIM_PWM_PulseFinishedCallback        0x08003859   Thumb Code     2  stm32f4xx_hal_tim.o(.text.HAL_TIM_PWM_PulseFinishedCallback)
    HAL_TIM_PWM_Start                        0x0800385d   Thumb Code   240  stm32f4xx_hal_tim.o(.text.HAL_TIM_PWM_Start)
    HAL_TIM_PeriodElapsedCallback            0x0800394d   Thumb Code   260  motor.o(.text.HAL_TIM_PeriodElapsedCallback)
    HAL_TIM_TriggerCallback                  0x08003a5d   Thumb Code     2  stm32f4xx_hal_tim.o(.text.HAL_TIM_TriggerCallback)
    HAL_UARTEx_ReceiveToIdle_DMA             0x08003a61   Thumb Code   490  stm32f4xx_hal_uart.o(.text.HAL_UARTEx_ReceiveToIdle_DMA)
    HAL_UARTEx_RxEventCallback               0x08003c4d   Thumb Code    32  vofa.o(.text.HAL_UARTEx_RxEventCallback)
    HAL_UART_ErrorCallback                   0x08003c6d   Thumb Code     2  stm32f4xx_hal_uart.o(.text.HAL_UART_ErrorCallback)
    HAL_UART_IRQHandler                      0x08003c71   Thumb Code  1416  stm32f4xx_hal_uart.o(.text.HAL_UART_IRQHandler)
    HAL_UART_Init                            0x080041f9   Thumb Code    96  stm32f4xx_hal_uart.o(.text.HAL_UART_Init)
    HAL_UART_MspInit                         0x08004259   Thumb Code   244  usart.o(.text.HAL_UART_MspInit)
    HAL_UART_RxCpltCallback                  0x0800434d   Thumb Code     2  stm32f4xx_hal_uart.o(.text.HAL_UART_RxCpltCallback)
    HAL_UART_RxHalfCpltCallback              0x08004351   Thumb Code     2  stm32f4xx_hal_uart.o(.text.HAL_UART_RxHalfCpltCallback)
    HAL_UART_Transmit                        0x08004355   Thumb Code   376  stm32f4xx_hal_uart.o(.text.HAL_UART_Transmit)
    HAL_UART_TxCpltCallback                  0x080044cd   Thumb Code     2  stm32f4xx_hal_uart.o(.text.HAL_UART_TxCpltCallback)
    HardFault_Handler                        0x080044d1   Thumb Code     2  stm32f4xx_it.o(.text.HardFault_Handler)
    MX_ADC1_Init                             0x08004981   Thumb Code   202  adc.o(.text.MX_ADC1_Init)
    MX_DMA_Init                              0x08004a4d   Thumb Code    56  dma.o(.text.MX_DMA_Init)
    MX_GPIO_Init                             0x08004a85   Thumb Code   120  gpio.o(.text.MX_GPIO_Init)
    MX_I2C1_Init                             0x08004afd   Thumb Code    66  i2c.o(.text.MX_I2C1_Init)
    MX_TIM1_Init                             0x08004b41   Thumb Code   378  tim.o(.text.MX_TIM1_Init)
    MX_TIM2_Init                             0x08004cbd   Thumb Code   112  tim.o(.text.MX_TIM2_Init)
    MX_USART1_UART_Init                      0x08004d2d   Thumb Code    60  usart.o(.text.MX_USART1_UART_Init)
    MemManage_Handler                        0x08004d69   Thumb Code     2  stm32f4xx_it.o(.text.MemManage_Handler)
    NMI_Handler                              0x08004d6d   Thumb Code     2  stm32f4xx_it.o(.text.NMI_Handler)
    PIDController_Update                     0x08004d71   Thumb Code   304  pid.o(.text.PIDController_Update)
    PendSV_Handler                           0x08004ea9   Thumb Code     2  stm32f4xx_it.o(.text.PendSV_Handler)
    SVC_Handler                              0x08004ead   Thumb Code     2  stm32f4xx_it.o(.text.SVC_Handler)
    SysTick_Handler                          0x08004eb1   Thumb Code     4  stm32f4xx_it.o(.text.SysTick_Handler)
    SystemClock_Config                       0x08004eb5   Thumb Code   164  main.o(.text.SystemClock_Config)
    SystemInit                               0x08004f59   Thumb Code    18  system_stm32f4xx.o(.text.SystemInit)
    TIM2_IRQHandler                          0x08004f6d   Thumb Code    12  stm32f4xx_it.o(.text.TIM2_IRQHandler)
    TIM_Base_SetConfig                       0x08004f79   Thumb Code   248  stm32f4xx_hal_tim.o(.text.TIM_Base_SetConfig)
    USART1_IRQHandler                        0x08005561   Thumb Code    12  stm32f4xx_it.o(.text.USART1_IRQHandler)
    UpperUartTask                            0x0800556d   Thumb Code   132  vofa.o(.text.UpperUartTask)
    UsageFault_Handler                       0x08005639   Thumb Code     2  stm32f4xx_it.o(.text.UsageFault_Handler)
    _calculate_zero_electric_angle           0x0800563d   Thumb Code   304  utils.o(.text._calculate_zero_electric_angle)
    _electricalAngle                         0x08005771   Thumb Code    96  utils.o(.text._electricalAngle)
    _electricalVelocity                      0x080057d5   Thumb Code    50  utils.o(.text._electricalVelocity)
    dwt_get_micros                           0x08005809   Thumb Code    26  utils.o(.text.dwt_get_micros)
    fast_cos_f32                             0x08005825   Thumb Code   332  fast_trig.o(.text.fast_cos_f32)
    fast_sin_f32                             0x08005981   Thumb Code   324  fast_trig.o(.text.fast_sin_f32)
    fast_trig_init                           0x08005ad1   Thumb Code   436  fast_trig.o(.text.fast_trig_init)
    foc_alignSensor                          0x08005c89   Thumb Code   144  motor.o(.text.foc_alignSensor)
    foc_current_loop                         0x08005d5d   Thumb Code   256  motor.o(.text.foc_current_loop)
    foc_forward                              0x08005e6d   Thumb Code   720  foc.o(.text.foc_forward)
    fputc                                    0x0800615d   Thumb Code    32  main.o(.text.fputc)
    lowPassFilter                            0x0800617d   Thumb Code    38  utils.o(.text.lowPassFilter)
    main                                     0x080061a5   Thumb Code   316  main.o(.text.main)
    motor_control_parm_init                  0x08006301   Thumb Code    42  motor.o(.text.motor_control_parm_init)
    motor_pid_init                           0x0800632d   Thumb Code   112  pid.o(.text.motor_pid_init)
    set_motor_mode                           0x0800639d   Thumb Code    14  motor.o(.text.set_motor_mode)
    __0printf                                0x080063ad   Thumb Code    22  printfa.o(i.__0printf)
    __1printf                                0x080063ad   Thumb Code     0  printfa.o(i.__0printf)
    __2printf                                0x080063ad   Thumb Code     0  printfa.o(i.__0printf)
    __c89printf                              0x080063ad   Thumb Code     0  printfa.o(i.__0printf)
    printf                                   0x080063ad   Thumb Code     0  printfa.o(i.__0printf)
    __ARM_fpclassifyf                        0x080063cd   Thumb Code    38  fpclassifyf.o(i.__ARM_fpclassifyf)
    __hardfp_fmodf                           0x080063f3   Thumb Code   176  fmodf.o(i.__hardfp_fmodf)
    __hardfp_sinf                            0x080064a5   Thumb Code   344  sinf.o(i.__hardfp_sinf)
    __mathlib_flt_infnan                     0x08006635   Thumb Code     6  funder.o(i.__mathlib_flt_infnan)
    __mathlib_flt_invalid                    0x0800663d   Thumb Code    10  funder.o(i.__mathlib_flt_invalid)
    __mathlib_flt_underflow                  0x0800664d   Thumb Code    10  funder.o(i.__mathlib_flt_underflow)
    __mathlib_rredf2                         0x0800665d   Thumb Code   316  rredf.o(i.__mathlib_rredf2)
    __scatterload_copy                       0x080067b1   Thumb Code    14  handlers.o(i.__scatterload_copy)
    __scatterload_null                       0x080067bf   Thumb Code     2  handlers.o(i.__scatterload_null)
    __scatterload_zeroinit                   0x080067c1   Thumb Code    14  handlers.o(i.__scatterload_zeroinit)
    __set_errno                              0x080067d1   Thumb Code     6  errno.o(i.__set_errno)
    _is_digit                                0x08006961   Thumb Code    14  scanf_fp.o(i._is_digit)
    puts                                     0x080070a1   Thumb Code    30  puts.o(i.puts)
    __ctype_categories                       0x080070e4   Data          64  ctype_c.o(.constdata)
    AHBPrescTable                            0x08007124   Data          16  system_stm32f4xx.o(.rodata.AHBPrescTable)
    APBPrescTable                            0x08007134   Data           8  system_stm32f4xx.o(.rodata.APBPrescTable)
    Region$$Table$$Base                      0x08007144   Number         0  anon$$obj.o(Region$$Table)
    Region$$Table$$Limit                     0x08007164   Number         0  anon$$obj.o(Region$$Table)
    __stdout                                 0x20000000   Data           4  stdout.o(.data)
    uwTickFreq                               0x20000008   Data           1  stm32f4xx_hal.o(.data..L_MergedGlobals)
    uwTickPrio                               0x2000000c   Data           4  stm32f4xx_hal.o(.data..L_MergedGlobals)
    angle_loop                               0x20000010   Data          40  pid.o(.data..L_MergedGlobals)
    vel_loop                                 0x20000038   Data          40  pid.o(.data..L_MergedGlobals)
    current_loop                             0x20000060   Data          40  pid.o(.data..L_MergedGlobals)
    RunCycle                                 0x20000088   Data           4  main.o(.data.RunCycle)
    SystemCoreClock                          0x2000008c   Data           4  system_stm32f4xx.o(.data.SystemCoreClock)
    motor_config                             0x20000090   Data          32  motor.o(.data.motor_config)
    motor_control                            0x200000b0   Data         104  motor.o(.data.motor_control)
    uart_flag                                0x20000118   Data           1  vofa.o(.bss..L_MergedGlobals)
    rx_len                                   0x2000011a   Data           2  vofa.o(.bss..L_MergedGlobals)
    testValue                                0x2000011c   Data           4  vofa.o(.bss..L_MergedGlobals)
    rx_buffer                                0x20000120   Data          32  vofa.o(.bss..L_MergedGlobals)
    current_loop_enable                      0x20000140   Data           1  sample.o(.bss..L_MergedGlobals)
    adc_raw_ia                               0x20000142   Data           2  sample.o(.bss..L_MergedGlobals)
    adc_raw_ic                               0x20000144   Data           2  sample.o(.bss..L_MergedGlobals)
    AngleSensor                              0x20000148   Data          24  as5600.o(.bss.AngleSensor)
    hadc1                                    0x20000164   Data          72  adc.o(.bss.hadc1)
    hdma_usart1_rx                           0x200001ac   Data          96  usart.o(.bss.hdma_usart1_rx)
    hi2c1                                    0x2000020c   Data          84  i2c.o(.bss.hi2c1)
    htim1                                    0x20000260   Data          72  tim.o(.bss.htim1)
    htim2                                    0x200002a8   Data          72  tim.o(.bss.htim2)
    huart1                                   0x200002f0   Data          72  usart.o(.bss.huart1)
    uwTick                                   0x20004340   Data           4  stm32f4xx_hal.o(.bss.uwTick)
    __initial_sp                             0x20004748   Data           0  startup_stm32f411xe.o(STACK)



==============================================================================

Memory Map of the image

  Image Entry point : 0x08000199

  Load Region LR_IROM1 (Base: 0x08000000, Size: 0x00007280, Max: 0x00080000, ABSOLUTE)

    Execution Region ER_IROM1 (Exec base: 0x08000000, Load base: 0x08000000, Size: 0x00007164, Max: 0x00080000, ABSOLUTE)

    Exec Addr    Load Addr    Size         Type   Attr      Idx    E Section Name        Object

    0x08000000   0x08000000   0x00000198   Data   RO            3    RESET               startup_stm32f411xe.o
    0x08000198   0x08000198   0x00000000   Code   RO         1576  * .ARM.Collect$$$$00000000  mc_w.l(entry.o)
    0x08000198   0x08000198   0x00000004   Code   RO         1877    .ARM.Collect$$$$00000001  mc_w.l(entry2.o)
    0x0800019c   0x0800019c   0x00000004   Code   RO         1880    .ARM.Collect$$$$00000004  mc_w.l(entry5.o)
    0x080001a0   0x080001a0   0x00000000   Code   RO         1882    .ARM.Collect$$$$00000008  mc_w.l(entry7b.o)
    0x080001a0   0x080001a0   0x00000000   Code   RO         1884    .ARM.Collect$$$$0000000A  mc_w.l(entry8b.o)
    0x080001a0   0x080001a0   0x00000008   Code   RO         1885    .ARM.Collect$$$$0000000B  mc_w.l(entry9a.o)
    0x080001a8   0x080001a8   0x00000000   Code   RO         1887    .ARM.Collect$$$$0000000D  mc_w.l(entry10a.o)
    0x080001a8   0x080001a8   0x00000000   Code   RO         1889    .ARM.Collect$$$$0000000F  mc_w.l(entry11a.o)
    0x080001a8   0x080001a8   0x00000004   Code   RO         1878    .ARM.Collect$$$$00002712  mc_w.l(entry2.o)
    0x080001ac   0x080001ac   0x00000024   Code   RO            4    .text               startup_stm32f411xe.o
    0x080001d0   0x080001d0   0x00000062   Code   RO         1583    .text               mc_w.l(uldiv.o)
    0x08000232   0x08000232   0x00000002   PAD
    0x08000234   0x08000234   0x00000038   Code   RO         1846    .text               mc_w.l(__0sscanf.o)
    0x0800026c   0x0800026c   0x0000014c   Code   RO         1848    .text               mc_w.l(_scanf_int.o)
    0x080003b8   0x080003b8   0x00000360   Code   RO         1850    .text               mc_w.l(scanf_fp.o)
    0x08000718   0x08000718   0x00000036   Code   RO         1854    .text               mf_w.l(dcmplt.o)
    0x0800074e   0x0800074e   0x00000026   Code   RO         1856    .text               mf_w.l(f2d.o)
    0x08000774   0x08000774   0x0000002c   Code   RO         1901    .text               mc_w.l(uidiv.o)
    0x080007a0   0x080007a0   0x0000001e   Code   RO         1903    .text               mc_w.l(llshl.o)
    0x080007be   0x080007be   0x00000020   Code   RO         1905    .text               mc_w.l(llushr.o)
    0x080007de   0x080007de   0x0000001c   Code   RO         1914    .text               mc_w.l(_chval.o)
    0x080007fa   0x080007fa   0x00000002   PAD
    0x080007fc   0x080007fc   0x00000028   Code   RO         1916    .text               mc_w.l(scanf_char.o)
    0x08000824   0x08000824   0x00000040   Code   RO         1918    .text               mc_w.l(_sgetc.o)
    0x08000864   0x08000864   0x00000000   Code   RO         1920    .text               mc_w.l(iusefp.o)
    0x08000864   0x08000864   0x00000052   Code   RO         1921    .text               mf_w.l(frem.o)
    0x080008b6   0x080008b6   0x0000014e   Code   RO         1923    .text               mf_w.l(dadd.o)
    0x08000a04   0x08000a04   0x000000e4   Code   RO         1925    .text               mf_w.l(dmul.o)
    0x08000ae8   0x08000ae8   0x000000de   Code   RO         1927    .text               mf_w.l(ddiv.o)
    0x08000bc6   0x08000bc6   0x00000018   Code   RO         1929    .text               mf_w.l(dfltul.o)
    0x08000bde   0x08000bde   0x00000030   Code   RO         1931    .text               mf_w.l(dfixul.o)
    0x08000c0e   0x08000c0e   0x00000002   PAD
    0x08000c10   0x08000c10   0x00000030   Code   RO         1933    .text               mf_w.l(cdrcmple.o)
    0x08000c40   0x08000c40   0x00000038   Code   RO         1935    .text               mf_w.l(d2f.o)
    0x08000c78   0x08000c78   0x00000030   Code   RO         1937    .text               mc_w.l(init.o)
    0x08000ca8   0x08000ca8   0x00000024   Code   RO         1939    .text               mc_w.l(llsshr.o)
    0x08000ccc   0x08000ccc   0x0000000a   Code   RO         1941    .text               mc_w.l(isspace_c.o)
    0x08000cd6   0x08000cd6   0x00000002   PAD
    0x08000cd8   0x08000cd8   0x0000032c   Code   RO         1943    .text               mc_w.l(_scanf.o)
    0x08001004   0x08001004   0x0000006e   Code   RO         1945    .text               mf_w.l(fepilogue.o)
    0x08001072   0x08001072   0x000000ba   Code   RO         1947    .text               mf_w.l(depilogue.o)
    0x0800112c   0x0800112c   0x00000028   Code   RO         1949    .text               mc_w.l(ctype_c.o)
    0x08001154   0x08001154   0x00000094   Code   RO         1430    .text.ADC_Calibration  sample.o
    0x080011e8   0x080011e8   0x0000000c   Code   RO          132    .text.ADC_IRQHandler  stm32f4xx_it.o
    0x080011f4   0x080011f4   0x00000006   Code   RO         1289    .text.AS5600_GetAccumulateAngle  as5600.o
    0x080011fa   0x080011fa   0x00000002   PAD
    0x080011fc   0x080011fc   0x00000020   Code   RO         1285    .text.AS5600_GetAngle  as5600.o
    0x0800121c   0x0800121c   0x00000006   Code   RO         1287    .text.AS5600_GetVelocity  as5600.o
    0x08001222   0x08001222   0x00000002   PAD
    0x08001224   0x08001224   0x0000005a   Code   RO         1279    .text.AS5600_Init   as5600.o
    0x0800127e   0x0800127e   0x00000002   PAD
    0x08001280   0x08001280   0x00000110   Code   RO         1291    .text.AS5600_Update  as5600.o
    0x08001390   0x08001390   0x00000002   Code   RO          120    .text.BusFault_Handler  stm32f4xx_it.o
    0x08001392   0x08001392   0x00000002   PAD
    0x08001394   0x08001394   0x0000000c   Code   RO          138    .text.DMA2_Stream2_IRQHandler  stm32f4xx_it.o
    0x080013a0   0x080013a0   0x00000048   Code   RO         1406    .text.DWT_Init      utils.o
    0x080013e8   0x080013e8   0x00000002   Code   RO          126    .text.DebugMon_Handler  stm32f4xx_it.o
    0x080013ea   0x080013ea   0x00000002   PAD
    0x080013ec   0x080013ec   0x00000006   Code   RO           17    .text.Error_Handler  main.o
    0x080013f2   0x080013f2   0x00000002   PAD
    0x080013f4   0x080013f4   0x0000016c   Code   RO          239    .text.HAL_ADCEx_InjectedConfigChannel  stm32f4xx_hal_adc_ex.o
    0x08001560   0x08001560   0x00000090   Code   RO         1434    .text.HAL_ADCEx_InjectedConvCpltCallback  sample.o
    0x080015f0   0x080015f0   0x00000032   Code   RO          223    .text.HAL_ADCEx_InjectedGetValue  stm32f4xx_hal_adc_ex.o
    0x08001622   0x08001622   0x00000002   PAD
    0x08001624   0x08001624   0x00000116   Code   RO          215    .text.HAL_ADCEx_InjectedStart_IT  stm32f4xx_hal_adc_ex.o
    0x0800173a   0x0800173a   0x00000002   PAD
    0x0800173c   0x0800173c   0x00000170   Code   RO          197    .text.HAL_ADC_ConfigChannel  stm32f4xx_hal_adc.o
    0x080018ac   0x080018ac   0x00000002   Code   RO          177    .text.HAL_ADC_ConvCpltCallback  stm32f4xx_hal_adc.o
    0x080018ae   0x080018ae   0x00000002   PAD
    0x080018b0   0x080018b0   0x00000002   Code   RO          181    .text.HAL_ADC_ErrorCallback  stm32f4xx_hal_adc.o
    0x080018b2   0x080018b2   0x00000002   PAD
    0x080018b4   0x080018b4   0x00000136   Code   RO          175    .text.HAL_ADC_IRQHandler  stm32f4xx_hal_adc.o
    0x080019ea   0x080019ea   0x00000002   PAD
    0x080019ec   0x080019ec   0x0000015e   Code   RO          155    .text.HAL_ADC_Init  stm32f4xx_hal_adc.o
    0x08001b4a   0x08001b4a   0x00000002   PAD
    0x08001b4c   0x08001b4c   0x00000002   Code   RO          179    .text.HAL_ADC_LevelOutOfWindowCallback  stm32f4xx_hal_adc.o
    0x08001b4e   0x08001b4e   0x00000002   PAD
    0x08001b50   0x08001b50   0x00000072   Code   RO           41    .text.HAL_ADC_MspInit  adc.o
    0x08001bc2   0x08001bc2   0x00000002   PAD
    0x08001bc4   0x08001bc4   0x0000008e   Code   RO          432    .text.HAL_DMA_Abort  stm32f4xx_hal_dma.o
    0x08001c52   0x08001c52   0x00000002   PAD
    0x08001c54   0x08001c54   0x00000024   Code   RO          434    .text.HAL_DMA_Abort_IT  stm32f4xx_hal_dma.o
    0x08001c78   0x08001c78   0x000001c0   Code   RO          438    .text.HAL_DMA_IRQHandler  stm32f4xx_hal_dma.o
    0x08001e38   0x08001e38   0x00000162   Code   RO          424    .text.HAL_DMA_Init  stm32f4xx_hal_dma.o
    0x08001f9a   0x08001f9a   0x00000002   PAD
    0x08001f9c   0x08001f9c   0x000000a2   Code   RO          430    .text.HAL_DMA_Start_IT  stm32f4xx_hal_dma.o
    0x0800203e   0x0800203e   0x00000002   PAD
    0x08002040   0x08002040   0x00000028   Code   RO          599    .text.HAL_Delay     stm32f4xx_hal.o
    0x08002068   0x08002068   0x0000019e   Code   RO          386    .text.HAL_GPIO_Init  stm32f4xx_hal_gpio.o
    0x08002206   0x08002206   0x00000002   PAD
    0x08002208   0x08002208   0x0000000a   Code   RO          392    .text.HAL_GPIO_WritePin  stm32f4xx_hal_gpio.o
    0x08002212   0x08002212   0x00000002   PAD
    0x08002214   0x08002214   0x0000000c   Code   RO          591    .text.HAL_GetTick   stm32f4xx_hal.o
    0x08002220   0x08002220   0x00000164   Code   RO          669    .text.HAL_I2C_Init  stm32f4xx_hal_i2c.o
    0x08002384   0x08002384   0x0000031c   Code   RO          685    .text.HAL_I2C_Master_Receive  stm32f4xx_hal_i2c.o
    0x080026a0   0x080026a0   0x000001dc   Code   RO          677    .text.HAL_I2C_Master_Transmit  stm32f4xx_hal_i2c.o
    0x0800287c   0x0800287c   0x0000006a   Code   RO           65    .text.HAL_I2C_MspInit  i2c.o
    0x080028e6   0x080028e6   0x00000002   PAD
    0x080028e8   0x080028e8   0x0000001a   Code   RO          589    .text.HAL_IncTick   stm32f4xx_hal.o
    0x08002902   0x08002902   0x00000002   PAD
    0x08002904   0x08002904   0x00000036   Code   RO          579    .text.HAL_Init      stm32f4xx_hal.o
    0x0800293a   0x0800293a   0x00000002   PAD
    0x0800293c   0x0800293c   0x00000048   Code   RO          581    .text.HAL_InitTick  stm32f4xx_hal.o
    0x08002984   0x08002984   0x00000038   Code   RO          147    .text.HAL_MspInit   stm32f4xx_hal_msp.o
    0x080029bc   0x080029bc   0x00000022   Code   RO          531    .text.HAL_NVIC_EnableIRQ  stm32f4xx_hal_cortex.o
    0x080029de   0x080029de   0x00000002   PAD
    0x080029e0   0x080029e0   0x00000056   Code   RO          529    .text.HAL_NVIC_SetPriority  stm32f4xx_hal_cortex.o
    0x08002a36   0x08002a36   0x00000002   PAD
    0x08002a38   0x08002a38   0x00000020   Code   RO          527    .text.HAL_NVIC_SetPriorityGrouping  stm32f4xx_hal_cortex.o
    0x08002a58   0x08002a58   0x00000164   Code   RO          256    .text.HAL_RCC_ClockConfig  stm32f4xx_hal_rcc.o
    0x08002bbc   0x08002bbc   0x00000026   Code   RO          268    .text.HAL_RCC_GetPCLK1Freq  stm32f4xx_hal_rcc.o
    0x08002be2   0x08002be2   0x00000002   PAD
    0x08002be4   0x08002be4   0x00000026   Code   RO          270    .text.HAL_RCC_GetPCLK2Freq  stm32f4xx_hal_rcc.o
    0x08002c0a   0x08002c0a   0x00000002   PAD
    0x08002c0c   0x08002c0c   0x0000006a   Code   RO          258    .text.HAL_RCC_GetSysClockFreq  stm32f4xx_hal_rcc.o
    0x08002c76   0x08002c76   0x00000002   PAD
    0x08002c78   0x08002c78   0x000003b0   Code   RO          254    .text.HAL_RCC_OscConfig  stm32f4xx_hal_rcc.o
    0x08003028   0x08003028   0x0000002c   Code   RO          539    .text.HAL_SYSTICK_Config  stm32f4xx_hal_cortex.o
    0x08003054   0x08003054   0x00000002   Code   RO         1124    .text.HAL_TIMEx_BreakCallback  stm32f4xx_hal_tim_ex.o
    0x08003056   0x08003056   0x00000002   PAD
    0x08003058   0x08003058   0x00000002   Code   RO         1120    .text.HAL_TIMEx_CommutCallback  stm32f4xx_hal_tim_ex.o
    0x0800305a   0x0800305a   0x00000002   PAD
    0x0800305c   0x0800305c   0x00000050   Code   RO         1116    .text.HAL_TIMEx_ConfigBreakDeadTime  stm32f4xx_hal_tim_ex.o
    0x080030ac   0x080030ac   0x00000094   Code   RO         1114    .text.HAL_TIMEx_MasterConfigSynchronization  stm32f4xx_hal_tim_ex.o
    0x08003140   0x08003140   0x0000005a   Code   RO          819    .text.HAL_TIM_Base_Init  stm32f4xx_hal_tim.o
    0x0800319a   0x0800319a   0x00000002   PAD
    0x0800319c   0x0800319c   0x0000006c   Code   RO           84    .text.HAL_TIM_Base_MspInit  tim.o
    0x08003208   0x08003208   0x0000007c   Code   RO          829    .text.HAL_TIM_Base_Start  stm32f4xx_hal_tim.o
    0x08003284   0x08003284   0x00000084   Code   RO          833    .text.HAL_TIM_Base_Start_IT  stm32f4xx_hal_tim.o
    0x08003308   0x08003308   0x000001a0   Code   RO          999    .text.HAL_TIM_ConfigClockSource  stm32f4xx_hal_tim.o
    0x080034a8   0x080034a8   0x00000002   Code   RO          955    .text.HAL_TIM_IC_CaptureCallback  stm32f4xx_hal_tim.o
    0x080034aa   0x080034aa   0x00000002   PAD
    0x080034ac   0x080034ac   0x0000014e   Code   RO          953    .text.HAL_TIM_IRQHandler  stm32f4xx_hal_tim.o
    0x080035fa   0x080035fa   0x00000002   PAD
    0x080035fc   0x080035fc   0x00000002   Code   RO          957    .text.HAL_TIM_OC_DelayElapsedCallback  stm32f4xx_hal_tim.o
    0x080035fe   0x080035fe   0x00000002   PAD
    0x08003600   0x08003600   0x000001f8   Code   RO          973    .text.HAL_TIM_PWM_ConfigChannel  stm32f4xx_hal_tim.o
    0x080037f8   0x080037f8   0x0000005a   Code   RO          873    .text.HAL_TIM_PWM_Init  stm32f4xx_hal_tim.o
    0x08003852   0x08003852   0x00000002   PAD
    0x08003854   0x08003854   0x00000002   Code   RO          875    .text.HAL_TIM_PWM_MspInit  stm32f4xx_hal_tim.o
    0x08003856   0x08003856   0x00000002   PAD
    0x08003858   0x08003858   0x00000002   Code   RO          959    .text.HAL_TIM_PWM_PulseFinishedCallback  stm32f4xx_hal_tim.o
    0x0800385a   0x0800385a   0x00000002   PAD
    0x0800385c   0x0800385c   0x000000f0   Code   RO          881    .text.HAL_TIM_PWM_Start  stm32f4xx_hal_tim.o
    0x0800394c   0x0800394c   0x00000110   Code   RO         1374    .text.HAL_TIM_PeriodElapsedCallback  motor.o
    0x08003a5c   0x08003a5c   0x00000002   Code   RO          963    .text.HAL_TIM_TriggerCallback  stm32f4xx_hal_tim.o
    0x08003a5e   0x08003a5e   0x00000002   PAD
    0x08003a60   0x08003a60   0x000001ea   Code   RO         1186    .text.HAL_UARTEx_ReceiveToIdle_DMA  stm32f4xx_hal_uart.o
    0x08003c4a   0x08003c4a   0x00000002   PAD
    0x08003c4c   0x08003c4c   0x00000020   Code   RO         1304    .text.HAL_UARTEx_RxEventCallback  vofa.o
    0x08003c6c   0x08003c6c   0x00000002   Code   RO         1222    .text.HAL_UART_ErrorCallback  stm32f4xx_hal_uart.o
    0x08003c6e   0x08003c6e   0x00000002   PAD
    0x08003c70   0x08003c70   0x00000588   Code   RO         1216    .text.HAL_UART_IRQHandler  stm32f4xx_hal_uart.o
    0x080041f8   0x080041f8   0x00000060   Code   RO         1138    .text.HAL_UART_Init  stm32f4xx_hal_uart.o
    0x08004258   0x08004258   0x000000f4   Code   RO          100    .text.HAL_UART_MspInit  usart.o
    0x0800434c   0x0800434c   0x00000002   Code   RO         1230    .text.HAL_UART_RxCpltCallback  stm32f4xx_hal_uart.o
    0x0800434e   0x0800434e   0x00000002   PAD
    0x08004350   0x08004350   0x00000002   Code   RO         1232    .text.HAL_UART_RxHalfCpltCallback  stm32f4xx_hal_uart.o
    0x08004352   0x08004352   0x00000002   PAD
    0x08004354   0x08004354   0x00000178   Code   RO         1154    .text.HAL_UART_Transmit  stm32f4xx_hal_uart.o
    0x080044cc   0x080044cc   0x00000002   Code   RO         1226    .text.HAL_UART_TxCpltCallback  stm32f4xx_hal_uart.o
    0x080044ce   0x080044ce   0x00000002   PAD
    0x080044d0   0x080044d0   0x00000002   Code   RO          116    .text.HardFault_Handler  stm32f4xx_it.o
    0x080044d2   0x080044d2   0x00000002   PAD
    0x080044d4   0x080044d4   0x000000ba   Code   RO          683    .text.I2C_WaitOnBTFFlagUntilTimeout  stm32f4xx_hal_i2c.o
    0x0800458e   0x0800458e   0x00000002   PAD
    0x08004590   0x08004590   0x000001ca   Code   RO          679    .text.I2C_WaitOnFlagUntilTimeout  stm32f4xx_hal_i2c.o
    0x0800475a   0x0800475a   0x00000002   PAD
    0x0800475c   0x0800475c   0x000000d6   Code   RO          797    .text.I2C_WaitOnMasterAddressFlagUntilTimeout  stm32f4xx_hal_i2c.o
    0x08004832   0x08004832   0x00000002   PAD
    0x08004834   0x08004834   0x00000090   Code   RO          687    .text.I2C_WaitOnRXNEFlagUntilTimeout  stm32f4xx_hal_i2c.o
    0x080048c4   0x080048c4   0x000000ba   Code   RO          681    .text.I2C_WaitOnTXEFlagUntilTimeout  stm32f4xx_hal_i2c.o
    0x0800497e   0x0800497e   0x00000002   PAD
    0x08004980   0x08004980   0x000000ca   Code   RO           39    .text.MX_ADC1_Init  adc.o
    0x08004a4a   0x08004a4a   0x00000002   PAD
    0x08004a4c   0x08004a4c   0x00000038   Code   RO           54    .text.MX_DMA_Init   dma.o
    0x08004a84   0x08004a84   0x00000078   Code   RO           29    .text.MX_GPIO_Init  gpio.o
    0x08004afc   0x08004afc   0x00000042   Code   RO           63    .text.MX_I2C1_Init  i2c.o
    0x08004b3e   0x08004b3e   0x00000002   PAD
    0x08004b40   0x08004b40   0x0000017a   Code   RO           78    .text.MX_TIM1_Init  tim.o
    0x08004cba   0x08004cba   0x00000002   PAD
    0x08004cbc   0x08004cbc   0x00000070   Code   RO           82    .text.MX_TIM2_Init  tim.o
    0x08004d2c   0x08004d2c   0x0000003c   Code   RO           98    .text.MX_USART1_UART_Init  usart.o
    0x08004d68   0x08004d68   0x00000002   Code   RO          118    .text.MemManage_Handler  stm32f4xx_it.o
    0x08004d6a   0x08004d6a   0x00000002   PAD
    0x08004d6c   0x08004d6c   0x00000002   Code   RO          114    .text.NMI_Handler   stm32f4xx_it.o
    0x08004d6e   0x08004d6e   0x00000002   PAD
    0x08004d70   0x08004d70   0x00000138   Code   RO         1393    .text.PIDController_Update  pid.o
    0x08004ea8   0x08004ea8   0x00000002   Code   RO          128    .text.PendSV_Handler  stm32f4xx_it.o
    0x08004eaa   0x08004eaa   0x00000002   PAD
    0x08004eac   0x08004eac   0x00000002   Code   RO          124    .text.SVC_Handler   stm32f4xx_it.o
    0x08004eae   0x08004eae   0x00000002   PAD
    0x08004eb0   0x08004eb0   0x00000004   Code   RO          130    .text.SysTick_Handler  stm32f4xx_it.o
    0x08004eb4   0x08004eb4   0x000000a4   Code   RO           15    .text.SystemClock_Config  main.o
    0x08004f58   0x08004f58   0x00000012   Code   RO         1260    .text.SystemInit    system_stm32f4xx.o
    0x08004f6a   0x08004f6a   0x00000002   PAD
    0x08004f6c   0x08004f6c   0x0000000c   Code   RO          134    .text.TIM2_IRQHandler  stm32f4xx_it.o
    0x08004f78   0x08004f78   0x000000f8   Code   RO          823    .text.TIM_Base_SetConfig  stm32f4xx_hal_tim.o
    0x08005070   0x08005070   0x0000000a   Code   RO         1220    .text.UART_DMAAbortOnError  stm32f4xx_hal_uart.o
    0x0800507a   0x0800507a   0x00000002   PAD
    0x0800507c   0x0800507c   0x0000017c   Code   RO         1170    .text.UART_DMAError  stm32f4xx_hal_uart.o
    0x080051f8   0x080051f8   0x0000015e   Code   RO         1248    .text.UART_DMAReceiveCplt  stm32f4xx_hal_uart.o
    0x08005356   0x08005356   0x00000002   PAD
    0x08005358   0x08005358   0x00000018   Code   RO         1250    .text.UART_DMARxHalfCplt  stm32f4xx_hal_uart.o
    0x08005370   0x08005370   0x000000fe   Code   RO         1218    .text.UART_Receive_IT  stm32f4xx_hal_uart.o
    0x0800546e   0x0800546e   0x00000002   PAD
    0x08005470   0x08005470   0x000000ee   Code   RO         1142    .text.UART_SetConfig  stm32f4xx_hal_uart.o
    0x0800555e   0x0800555e   0x00000002   PAD
    0x08005560   0x08005560   0x0000000c   Code   RO          136    .text.USART1_IRQHandler  stm32f4xx_it.o
    0x0800556c   0x0800556c   0x000000cc   Code   RO         1302    .text.UpperUartTask  vofa.o
    0x08005638   0x08005638   0x00000002   Code   RO          122    .text.UsageFault_Handler  stm32f4xx_it.o
    0x0800563a   0x0800563a   0x00000002   PAD
    0x0800563c   0x0800563c   0x00000134   Code   RO         1414    .text._calculate_zero_electric_angle  utils.o
    0x08005770   0x08005770   0x00000064   Code   RO         1416    .text._electricalAngle  utils.o
    0x080057d4   0x080057d4   0x00000032   Code   RO         1418    .text._electricalVelocity  utils.o
    0x08005806   0x08005806   0x00000002   PAD
    0x08005808   0x08005808   0x0000001a   Code   RO         1408    .text.dwt_get_micros  utils.o
    0x08005822   0x08005822   0x00000002   PAD
    0x08005824   0x08005824   0x0000015c   Code   RO         1340    .text.fast_cos_f32  fast_trig.o
    0x08005980   0x08005980   0x00000150   Code   RO         1338    .text.fast_sin_f32  fast_trig.o
    0x08005ad0   0x08005ad0   0x000001b8   Code   RO         1336    .text.fast_trig_init  fast_trig.o
    0x08005c88   0x08005c88   0x000000d4   Code   RO         1366    .text.foc_alignSensor  motor.o
    0x08005d5c   0x08005d5c   0x00000110   Code   RO         1372    .text.foc_current_loop  motor.o
    0x08005e6c   0x08005e6c   0x000002f0   Code   RO         1351    .text.foc_forward   foc.o
    0x0800615c   0x0800615c   0x00000020   Code   RO           11    .text.fputc         main.o
    0x0800617c   0x0800617c   0x00000026   Code   RO         1410    .text.lowPassFilter  utils.o
    0x080061a2   0x080061a2   0x00000002   PAD
    0x080061a4   0x080061a4   0x0000015c   Code   RO           13    .text.main          main.o
    0x08006300   0x08006300   0x0000002a   Code   RO         1360    .text.motor_control_parm_init  motor.o
    0x0800632a   0x0800632a   0x00000002   PAD
    0x0800632c   0x0800632c   0x00000070   Code   RO         1395    .text.motor_pid_init  pid.o
    0x0800639c   0x0800639c   0x0000000e   Code   RO         1362    .text.set_motor_mode  motor.o
    0x080063aa   0x080063aa   0x00000002   PAD
    0x080063ac   0x080063ac   0x00000020   Code   RO         1818    i.__0printf         mc_w.l(printfa.o)
    0x080063cc   0x080063cc   0x00000026   Code   RO         1858    i.__ARM_fpclassifyf  m_wm.l(fpclassifyf.o)
    0x080063f2   0x080063f2   0x000000b0   Code   RO         1564    i.__hardfp_fmodf    m_wm.l(fmodf.o)
    0x080064a2   0x080064a2   0x00000002   PAD
    0x080064a4   0x080064a4   0x00000190   Code   RO         1570    i.__hardfp_sinf     m_wm.l(sinf.o)
    0x08006634   0x08006634   0x00000006   Code   RO         1861    i.__mathlib_flt_infnan  m_wm.l(funder.o)
    0x0800663a   0x0800663a   0x00000002   PAD
    0x0800663c   0x0800663c   0x00000010   Code   RO         1863    i.__mathlib_flt_invalid  m_wm.l(funder.o)
    0x0800664c   0x0800664c   0x00000010   Code   RO         1866    i.__mathlib_flt_underflow  m_wm.l(funder.o)
    0x0800665c   0x0800665c   0x00000154   Code   RO         1874    i.__mathlib_rredf2  m_wm.l(rredf.o)
    0x080067b0   0x080067b0   0x0000000e   Code   RO         1954    i.__scatterload_copy  mc_w.l(handlers.o)
    0x080067be   0x080067be   0x00000002   Code   RO         1955    i.__scatterload_null  mc_w.l(handlers.o)
    0x080067c0   0x080067c0   0x0000000e   Code   RO         1956    i.__scatterload_zeroinit  mc_w.l(handlers.o)
    0x080067ce   0x080067ce   0x00000002   PAD
    0x080067d0   0x080067d0   0x0000000c   Code   RO         1909    i.__set_errno       mc_w.l(errno.o)
    0x080067dc   0x080067dc   0x00000184   Code   RO         1825    i._fp_digits        mc_w.l(printfa.o)
    0x08006960   0x08006960   0x0000000e   Code   RO         1852    i._is_digit         mc_w.l(scanf_fp.o)
    0x0800696e   0x0800696e   0x00000002   PAD
    0x08006970   0x08006970   0x000006dc   Code   RO         1826    i._printf_core      mc_w.l(printfa.o)
    0x0800704c   0x0800704c   0x00000024   Code   RO         1827    i._printf_post_padding  mc_w.l(printfa.o)
    0x08007070   0x08007070   0x0000002e   Code   RO         1828    i._printf_pre_padding  mc_w.l(printfa.o)
    0x0800709e   0x0800709e   0x00000002   PAD
    0x080070a0   0x080070a0   0x00000024   Code   RO         1579    i.puts              mc_w.l(puts.o)
    0x080070c4   0x080070c4   0x00000020   Data   RO         1875    .constdata          m_wm.l(rredf.o)
    0x080070e4   0x080070e4   0x00000040   Data   RO         1950    .constdata          mc_w.l(ctype_c.o)
    0x08007124   0x08007124   0x00000010   Data   RO         1265    .rodata.AHBPrescTable  system_stm32f4xx.o
    0x08007134   0x08007134   0x00000008   Data   RO         1266    .rodata.APBPrescTable  system_stm32f4xx.o
    0x0800713c   0x0800713c   0x00000008   Data   RO          448    .rodata.cst8        stm32f4xx_hal_dma.o
    0x08007144   0x08007144   0x00000020   Data   RO         1953    Region$$Table       anon$$obj.o


    Execution Region RW_IRAM1 (Exec base: 0x20000000, Load base: 0x08007168, Size: 0x00004748, Max: 0x00020000, ABSOLUTE)

    Exec Addr    Load Addr    Size         Type   Attr      Idx    E Section Name        Object

    0x20000000   0x08007168   0x00000004   Data   RW         1891    .data               mc_w.l(stdout.o)
    0x20000004   0x0800716c   0x00000004   Data   RW         1910    .data               mc_w.l(errno.o)
    0x20000008   0x08007170   0x00000008   Data   RW          634    .data..L_MergedGlobals  stm32f4xx_hal.o
    0x20000010   0x08007178   0x00000078   Data   RW         1397    .data..L_MergedGlobals  pid.o
    0x20000088   0x080071f0   0x00000004   Data   RW           19    .data.RunCycle      main.o
    0x2000008c   0x080071f4   0x00000004   Data   RW         1264    .data.SystemCoreClock  system_stm32f4xx.o
    0x20000090   0x080071f8   0x00000020   Data   RW         1377    .data.motor_config  motor.o
    0x200000b0   0x08007218   0x00000068   Data   RW         1378    .data.motor_control  motor.o
    0x20000118        -       0x00000028   Zero   RW         1309    .bss..L_MergedGlobals  vofa.o
    0x20000140        -       0x00000006   Zero   RW         1436    .bss..L_MergedGlobals  sample.o
    0x20000146   0x08007280   0x00000002   PAD
    0x20000148        -       0x00000018   Zero   RW         1293    .bss.AngleSensor    as5600.o
    0x20000160        -       0x00000004   Zero   RW         1420    .bss.cpu_freq_mhz   utils.o
    0x20000164        -       0x00000048   Zero   RW           45    .bss.hadc1          adc.o
    0x200001ac        -       0x00000060   Zero   RW          105    .bss.hdma_usart1_rx  usart.o
    0x2000020c        -       0x00000054   Zero   RW           69    .bss.hi2c1          i2c.o
    0x20000260        -       0x00000048   Zero   RW           88    .bss.htim1          tim.o
    0x200002a8        -       0x00000048   Zero   RW           89    .bss.htim2          tim.o
    0x200002f0        -       0x00000048   Zero   RW          104    .bss.huart1         usart.o
    0x20000338        -       0x00000004   Zero   RW         1421    .bss.lowPassFilter.filtered_angle  utils.o
    0x2000033c        -       0x00004004   Zero   RW         1342    .bss.sin_lut        fast_trig.o
    0x20004340        -       0x00000004   Zero   RW          633    .bss.uwTick         stm32f4xx_hal.o
    0x20004344   0x08007280   0x00000004   PAD
    0x20004348        -       0x00000400   Zero   RW            1    STACK               startup_stm32f411xe.o


==============================================================================

Image component sizes


      Code (inc. data)   RO Data    RW Data    ZI Data      Debug   Object Name

       316          0          0          0         72       7211   adc.o
       406         40          0          0         24       7377   as5600.o
        56          0          0          0          0       3031   dma.o
      1124         32          0          0      16388       3992   fast_trig.o
       752         32          0          0          0       3397   foc.o
       120          0          0          0          0       2337   gpio.o
       172          0          0          0         84       5494   i2c.o
       550         32          0          4          0       5611   main.o
       812         96          0        136          0       8215   motor.o
       424          8          0        120          0       3129   pid.o
       292         52          0          0          6       4814   sample.o
        36          8        408          0       1024        840   startup_stm32f411xe.o
       204          0          0          8          4       6881   stm32f4xx_hal.o
      1034          0          0          0          0      12093   stm32f4xx_hal_adc.o
       692          4          0          0          0       9949   stm32f4xx_hal_adc_ex.o
       196          0          0          0          0      10264   stm32f4xx_hal_cortex.o
      1142          6          8          0          0      10689   stm32f4xx_hal_dma.o
       424          0          0          0          0       5381   stm32f4xx_hal_gpio.o
      2816          0          0          0          0      43877   stm32f4xx_hal_i2c.o
        56          0          0          0          0       1516   stm32f4xx_hal_msp.o
      1482          0          0          0          0       7463   stm32f4xx_hal_rcc.o
      2188          4          0          0          0      55156   stm32f4xx_hal_tim.o
       232          0          0          0          0      20843   stm32f4xx_hal_tim_ex.o
      3642          0          0          0          0      32379   stm32f4xx_hal_uart.o
        68          0          0          0          0       6978   stm32f4xx_it.o
        18          0         24          4          0       2645   system_stm32f4xx.o
       598          0          0          0        144       9461   tim.o
       304          0          0          0        168       6875   usart.o
       594          8          0          0          8       4190   utils.o
       236         72          0          0         40       4045   vofa.o

    ----------------------------------------------------------------------
     21116        394        472        272      17968     306133   Object Totals
         0          0         32          0          0          0   (incl. Generated)
       130          0          0          0          6          0   (incl. Padding)

    ----------------------------------------------------------------------

      Code (inc. data)   RO Data    RW Data    ZI Data      Debug   Library Member Name

       176          0          0          0          0        168   fmodf.o
        38          0          0          0          0        116   fpclassifyf.o
        38         12          0          0          0        348   funder.o
       340         24         32          0          0        160   rredf.o
       400         56          0          0          0        212   sinf.o
        56          8          0          0          0         84   __0sscanf.o
        28          0          0          0          0         68   _chval.o
       812          4          0          0          0        112   _scanf.o
       332          0          0          0          0         96   _scanf_int.o
        64          0          0          0          0         84   _sgetc.o
        40          6         64          0          0         68   ctype_c.o
         0          0          0          0          0          0   entry.o
         0          0          0          0          0          0   entry10a.o
         0          0          0          0          0          0   entry11a.o
         8          4          0          0          0          0   entry2.o
         4          0          0          0          0          0   entry5.o
         0          0          0          0          0          0   entry7b.o
         0          0          0          0          0          0   entry8b.o
         8          4          0          0          0          0   entry9a.o
        12          6          0          4          0         68   errno.o
        30          0          0          0          0          0   handlers.o
        48         10          0          0          0         68   init.o
        10          0          0          0          0         68   isspace_c.o
         0          0          0          0          0          0   iusefp.o
        30          0          0          0          0         68   llshl.o
        36          0          0          0          0         68   llsshr.o
        32          0          0          0          0         68   llushr.o
      2258         90          0          0          0        452   printfa.o
        36          6          0          0          0         80   puts.o
        40          8          0          0          0         84   scanf_char.o
       878         12          0          0          0        216   scanf_fp.o
         0          0          0          4          0          0   stdout.o
        44          0          0          0          0         80   uidiv.o
        98          0          0          0          0         92   uldiv.o
        48          0          0          0          0         68   cdrcmple.o
        56          0          0          0          0         88   d2f.o
       334          0          0          0          0        148   dadd.o
        54          0          0          0          0         80   dcmplt.o
       222          0          0          0          0        100   ddiv.o
       186          0          0          0          0        176   depilogue.o
        48          0          0          0          0         68   dfixul.o
        24          0          0          0          0         76   dfltul.o
       228          0          0          0          0         96   dmul.o
        38          0          0          0          0         68   f2d.o
       110          0          0          0          0        168   fepilogue.o
        82          0          0          0          0         96   frem.o

    ----------------------------------------------------------------------
      7344        250         96          8          0       4160   Library Totals
        18          0          0          0          0          0   (incl. Padding)

    ----------------------------------------------------------------------

      Code (inc. data)   RO Data    RW Data    ZI Data      Debug   Library Name

       992         92         32          0          0       1004   m_wm.l
      4904        158         64          8          0       1924   mc_w.l
      1430          0          0          0          0       1232   mf_w.l

    ----------------------------------------------------------------------
      7344        250         96          8          0       4160   Library Totals

    ----------------------------------------------------------------------

==============================================================================


      Code (inc. data)   RO Data    RW Data    ZI Data      Debug   

     28460        644        568        280      17968     307673   Grand Totals
     28460        644        568        280      17968     307673   ELF Image Totals
     28460        644        568        280          0          0   ROM Totals

==============================================================================

    Total RO  Size (Code + RO Data)                29028 (  28.35kB)
    Total RW  Size (RW Data + ZI Data)             18248 (  17.82kB)
    Total ROM Size (Code + RO Data + RW Data)      29308 (  28.62kB)

==============================================================================

